Microchip MPLAB XC8 Compiler V3.00

Linker command line:

-W-3 \
  --edf=C:\Program Files\Microchip\xc8\v3.00\pic\dat\20241204225717_en.msgs \
  -cn -h+dist/default/production\SSD1306.X.production.sym \
  --cmf=dist/default/production\SSD1306.X.production.cmf -z -Q18F4580 \
  -oC:\Users\sesha\AppData\Local\Temp\xcAsons.\driver_tmp_3.o \
  --defsym=__MPLAB_BUILD=1 --fixupoverflow=error \
  -Mdist/default/production/SSD1306.X.production.map \
  --md=C:\Users\sesha\AppData\Local\Temp\xcAsons.\driver_tmp_0.dat -E1 \
  -ver=XC8 Compiler -ACODE=00h-07FFFh -ACONST=00h-07FFFh \
  -ASMALLCONST=0600h-06FFhx122 -AMEDIUMCONST=0600h-07FFFh -ACOMRAM=01h-05Fh \
  -AABS1=00h-05FFh -ABIGRAM=01h-05FFh -ARAM=060h-0FFh,0100h-01FFhx5 \
  -ABANK0=060h-0FFh -ABANK1=0100h-01FFh -ABANK2=0200h-02FFh \
  -ABANK3=0300h-03FFh -ABANK4=0400h-04FFh -ABANK5=0500h-05FFh \
  -ASFR=0D00h-0DFFhx2,0F00h-0F5Fh,0F60h-0FFFh -ABIGSFR=0D00h-0FFFh \
  -ACONFIG=0300000h-030000Dh -AIDLOC=0200000h-0200007h \
  -AEEDATA=0F00000h-0F000FFh -peeprom_data=EEDATA \
  -preset_vec=00h,intcode=8h,intcodelo=18h,sivt_lo,sivt_hi=CODE \
  -ppowerup=CODE,init -pramtop=0600h -psmallconst=SMALLCONST \
  -pmediumconst=MEDIUMCONST -pconst=CONST -AFARRAM=00h-00h \
  -prdata=COMRAM,nvrram=COMRAM,nvbit=COMRAM,rbss=COMRAM,rbit=COMRAM \
  -pfarbss=FARRAM,fardata=FARRAM,nvFARRAM=FARRAM \
  -pintsave_regs=BIGRAM,bigbss=BIGRAM,bigdata=BIGRAM -pbss=RAM \
  -pidata=CODE,irdata=CODE,ibigdata=CODE,ifardata=CODE -prparam=COMRAM \
  C:\Users\sesha\AppData\Local\Temp\xcAsons.\driver_tmp_14.o \
  dist/default/production\SSD1306.X.production.o 

Object code version is 3.11

Machine type is 18F4580



                Name                               Link     Load   Length Selector   Space Scale
C:\Users\sesha\AppData\Local\Temp\xcAsons.\driver_tmp_14.o
                config                           300000   300000        E        0       4
                init                               7FFC     7FFC        4     3FFE       0
                reset_vec                             0        0        4        0       0
dist/default/production\SSD1306.X.production.o
                config                           300000   300000        E        0       4
                mediumconst                        7E0A     7E0A      1F2     3F05       0
                text18                             7724     7724       12     3B92       0
                text17                             7716     7716        E     3B8B       0
                text16                             77DE     77DE       26     3BEF       0
                text15                             7736     7736       16     3B9B       0
                text14                             774C     774C       16     3BA6       0
                text13                             77A4     77A4       1C     3BD2       0
                text12                             78C8     78C8       6C     3C64       0
                text11                             77C0     77C0       1E     3BE0       0
                text10                             7AA4     7AA4       FA     3D52       0
                text9                              787E     787E       4A     3C3F       0
                text8                              7CB6     7CB6      154     3E5B       0
                text7                              7762     7762       16     3BB1       0
                text6                              7778     7778       16     3BBC       0
                text5                              7714     7714        2     3B8A       0
                text4                              7934     7934       AA     3C9A       0
                text3                              79DE     79DE       C6     3CEF       0
                text2                              783C     783C       42     3C1E       0
                text1                              7804     7804       38     3C02       0
                text0                              7B9E     7B9E      118     3DCF       0
                cstackCOMRAM                          1        1       29        1       1
                bssCOMRAM                            2A       2A       25        1       1
                cinit                              778E     778E       16     3BC7       0

TOTAL           Name                               Link     Load   Length     Space
        CLASS   CODE           
                init                               7FFC     7FFC        4         0
                reset_vec                             0        0        4         0
                text18                             7724     7724       12         0
                text17                             7716     7716        E         0
                text16                             77DE     77DE       26         0
                text15                             7736     7736       16         0
                text14                             774C     774C       16         0
                text13                             77A4     77A4       1C         0
                text12                             78C8     78C8       6C         0
                text11                             77C0     77C0       1E         0
                text10                             7AA4     7AA4       FA         0
                text9                              787E     787E       4A         0
                text8                              7CB6     7CB6      154         0
                text7                              7762     7762       16         0
                text6                              7778     7778       16         0
                text5                              7714     7714        2         0
                text4                              7934     7934       AA         0
                text3                              79DE     79DE       C6         0
                text2                              783C     783C       42         0
                text1                              7804     7804       38         0
                text0                              7B9E     7B9E      118         0
                cinit                              778E     778E       16         0

        CLASS   CONST          

        CLASS   SMALLCONST     

        CLASS   MEDIUMCONST    
                mediumconst                        7E0A     7E0A      1F2         0

        CLASS   COMRAM         
                cstackCOMRAM                          1        1       29         1
                bssCOMRAM                            2A       2A       25         1

        CLASS   ABS1           

        CLASS   BIGRAM         

        CLASS   RAM            

        CLASS   BANK0          

        CLASS   BANK1          

        CLASS   BANK2          

        CLASS   BANK3          

        CLASS   BANK4          

        CLASS   BANK5          

        CLASS   SFR            

        CLASS   BIGSFR         

        CLASS   CONFIG         
                config                           300000   300000        E         4

        CLASS   IDLOC          

        CLASS   EEDATA         

        CLASS   FARRAM         

        CLASS   HEAP           

        CLASS   STACK          



SEGMENTS        Name                           Load    Length   Top    Selector   Space  Class

                reset_vec                      000000  000004  000004         0       0  CODE    
                cstackCOMRAM                   000001  00004E  00004F         1       1  COMRAM  
                text5                          007714  000002  007716      3B8A       0  CODE    
                text17                         007716  00000E  007724      3B8B       0  CODE    
                text18                         007724  000012  007736      3B92       0  CODE    
                text15                         007736  000016  00774C      3B9B       0  CODE    
                text14                         00774C  000016  007762      3BA6       0  CODE    
                text7                          007762  000016  007778      3BB1       0  CODE    
                text6                          007778  000016  00778E      3BBC       0  CODE    
                cinit                          00778E  000016  0077A4      3BC7       0  CODE    
                text13                         0077A4  00001C  0077C0      3BD2       0  CODE    
                text11                         0077C0  00001E  0077DE      3BE0       0  CODE    
                text16                         0077DE  000026  007804      3BEF       0  CODE    
                text1                          007804  000038  00783C      3C02       0  CODE    
                text2                          00783C  000042  00787E      3C1E       0  CODE    
                text9                          00787E  00004A  0078C8      3C3F       0  CODE    
                text12                         0078C8  00006C  007934      3C64       0  CODE    
                text4                          007934  0000AA  0079DE      3C9A       0  CODE    
                text3                          0079DE  0000C6  007AA4      3CEF       0  CODE    
                text10                         007AA4  0000FA  007B9E      3D52       0  CODE    
                text0                          007B9E  000118  007CB6      3DCF       0  CODE    
                text8                          007CB6  000154  007E0A      3E5B       0  CODE    
                mediumconst                    007E0A  0001F2  007FFC      3F05       0  MEDIUMCO
                init                           007FFC  000004  008000      3FFE       0  CODE    


UNUSED ADDRESS RANGES

        Name                Unused          Largest block    Delta
        BANK0            000060-0000FF               A0
        BANK1            000100-0001FF              100
        BANK2            000200-0002FF              100
        BANK3            000300-0003FF              100
        BANK4            000400-0004FF              100
        BANK5            000500-0005FF              100
        BIGRAM           00004F-0005FF              5B1
        BIGSFR           000D00-000FFF              300
        CODE             000004-007713             7710
        COMRAM           00004F-00005F               11
        CONST            000004-007713             7710
        EEDATA           F00000-F000FF              100
        IDLOC            200000-200007                8
        MEDIUMCONST      000600-007713             7114
        RAM              000060-0005FF              100
        SFR              000D00-000FFF              100
        SMALLCONST       000600-007713              100

                                  Symbol Table

?_sprintf                     cstackCOMRAM 000013
?_vfprintf                    cstackCOMRAM 00000D
I2C_Write@data                cstackCOMRAM 000002
SSD1306_ClearScreen@i         cstackCOMRAM 000003
SSD1306_ClearScreen@j         cstackCOMRAM 000005
SSD1306_String@a              cstackCOMRAM 000018
SSD1306_String@data           cstackCOMRAM 00000A
SSD1306_String@i              cstackCOMRAM 00001A
SSD1306_String@pixData        cstackCOMRAM 000013
SSD1306_WriteCommand@cmd      cstackCOMRAM 000003
SendByte@ch                   cstackCOMRAM 000001
_BRG16                        (abs)        007DC3
_BRGH                         (abs)        007D62
_CREN                         (abs)        007D5C
_GetByte                      text18       007724
_I2C_Hold                     text16       0077DE
_I2C_Init                     text17       007716
_I2C_Start                    text15       007736
_I2C_Stop                     text14       00774C
_I2C_Write                    text13       0077A4
_LATDbits                     (abs)        000F8C
_OSCCON                       (abs)        000FD3
_PEN                          (abs)        007E2A
_RCIF                         (abs)        007CF5
_RCREG                        (abs)        000FAE
_RX9                          (abs)        007D5E
_SEN                          (abs)        007E28
_SPBRG                        (abs)        000FAF
_SPEN                         (abs)        007D5F
_SSD1306_ClearScreen          text12       0078C8
_SSD1306_Init                 text10       007AA4
_SSD1306_String               text8        007CB6
_SSD1306_WriteCommand         text11       0077C0
_SSPADD                       (abs)        000FC8
_SSPBUF                       (abs)        000FC9
_SSPCON1                      (abs)        000FC6
_SSPCON2                      (abs)        000FC5
_SSPIF                        (abs)        007CF3
_SSPSTAT                      (abs)        000FC7
_SYNC                         (abs)        007D64
_SendByte                     text7        007762
_TEXT5x8                      mediumconst  007E0B
_TRISC                        (abs)        000F94
_TRISCbits                    (abs)        000F94
_TRISD                        (abs)        000F95
_TX9                          (abs)        007D66
_TXEN                         (abs)        007D65
_TXIF                         (abs)        007CF4
_TXREG                        (abs)        000FAD
_USART_Init                   text6        007778
__HRAM                        (abs)        000000
__H__absolute__               __absolute__ 000000
__Habs1                       abs1         000000
__Hbank0                      bank0        000000
__Hbank1                      bank1        000000
__Hbank2                      bank2        000000
__Hbank3                      bank3        000000
__Hbank4                      bank4        000000
__Hbank5                      bank5        000000
__Hbigbss                     bigbss       000000
__Hbigdata                    bigdata      000000
__Hbigram                     bigram       000000
__Hbigsfr                     bigsfr       000000
__Hbss                        bss          000000
__HbssCOMRAM                  bssCOMRAM    000000
__Hcinit                      cinit        000000
__Hclrtext                    clrtext      000000
__Hcomram                     comram       000000
__Hconfig                     config       30000E
__Hconst                      const        000000
__HcstackCOMRAM               cstackCOMRAM 000000
__Hdata                       data         000000
__Heeprom_data                eeprom_data  000000
__Hfarbss                     farbss       000000
__Hfardata                    fardata      000000
__Hheap                       heap         000000
__Hibigdata                   ibigdata     000000
__Hidata                      idata        000000
__Hidloc                      idloc        000000
__Hifardata                   ifardata     000000
__Hinit                       init         008000
__Hintcode                    intcode      000008
__Hintcode_body               intcode_body 000000
__Hintcodelo                  intcodelo    000018
__Hintentry                   intentry     000000
__Hintret                     intret       000000
__Hintsave_regs               intsave_regs 000000
__Hirdata                     irdata       000000
__Hmediumconst                mediumconst  007FFC
__HnvFARRAM                   nvFARRAM     000000
__Hnvbit                      nvbit        000000
__Hnvrram                     nvrram       000000
__Hparam                      rparam       000000
__Hpowerup                    powerup      000000
__Hram                        ram          000000
__Hramtop                     ramtop       000600
__Hrbit                       rbit         000000
__Hrbss                       rbss         000000
__Hrdata                      rdata        000000
__Hreset_vec                  reset_vec    000004
__Hrparam                     rparam       000000
__Hsfr                        sfr          000000
__Hsivt_hi                    sivt_hi      000000
__Hsivt_lo                    sivt_lo      000018
__Hsmallconst                 smallconst   000000
__Hspace_0                    (abs)        008000
__Hspace_1                    (abs)        00004F
__Hspace_2                    (abs)        000000
__Hspace_4                    (abs)        60000E
__Hstack                      stack        000000
__Hstruct                     struct       000000
__Htemp                       temp         000000
__Htext                       text         000000
__Htext0                      text0        000000
__Htext1                      text1        000000
__Htext10                     text10       000000
__Htext11                     text11       000000
__Htext12                     text12       000000
__Htext13                     text13       000000
__Htext14                     text14       000000
__Htext15                     text15       000000
__Htext16                     text16       000000
__Htext17                     text17       000000
__Htext18                     text18       000000
__Htext2                      text2        000000
__Htext3                      text3        000000
__Htext4                      text4        000000
__Htext5                      text5        000000
__Htext6                      text6        000000
__Htext7                      text7        000000
__Htext8                      text8        000000
__Htext9                      text9        000000
__LRAM                        (abs)        000001
__L__absolute__               __absolute__ 000000
__Labs1                       abs1         000000
__Lbank0                      bank0        000000
__Lbank1                      bank1        000000
__Lbank2                      bank2        000000
__Lbank3                      bank3        000000
__Lbank4                      bank4        000000
__Lbank5                      bank5        000000
__Lbigbss                     bigbss       000000
__Lbigdata                    bigdata      000000
__Lbigram                     bigram       000000
__Lbigsfr                     bigsfr       000000
__Lbss                        bss          000000
__LbssCOMRAM                  bssCOMRAM    000000
__Lcinit                      cinit        000000
__Lclrtext                    clrtext      000000
__Lcomram                     comram       000000
__Lconfig                     config       000000
__Lconst                      const        000000
__LcstackCOMRAM               cstackCOMRAM 000000
__Ldata                       data         000000
__Leeprom_data                eeprom_data  000000
__Lfarbss                     farbss       000000
__Lfardata                    fardata      000000
__Lheap                       heap         000000
__Libigdata                   ibigdata     000000
__Lidata                      idata        000000
__Lidloc                      idloc        000000
__Lifardata                   ifardata     000000
__Linit                       init         007FFC
__Lintcode                    intcode      000008
__Lintcode_body               intcode_body 000000
__Lintcodelo                  intcodelo    000018
__Lintentry                   intentry     000000
__Lintret                     intret       000000
__Lintsave_regs               intsave_regs 000000
__Lirdata                     irdata       000000
__Lmediumconst                mediumconst  007E0A
__LnvFARRAM                   nvFARRAM     000000
__Lnvbit                      nvbit        000000
__Lnvrram                     nvrram       000000
__Lparam                      rparam       000000
__Lpowerup                    powerup      000000
__Lram                        ram          000000
__Lramtop                     ramtop       000600
__Lrbit                       rbit         000000
__Lrbss                       rbss         000000
__Lrdata                      rdata        000000
__Lreset_vec                  reset_vec    000000
__Lrparam                     rparam       000000
__Lsfr                        sfr          000000
__Lsivt_hi                    sivt_hi      000000
__Lsivt_lo                    sivt_lo      000018
__Lsmallconst                 smallconst   000000
__Lspace_0                    (abs)        000000
__Lspace_1                    (abs)        000000
__Lspace_2                    (abs)        000000
__Lspace_4                    (abs)        000000
__Lstack                      stack        000000
__Lstruct                     struct       000000
__Ltemp                       temp         000000
__Ltext                       text         000000
__Ltext0                      text0        000000
__Ltext1                      text1        000000
__Ltext10                     text10       000000
__Ltext11                     text11       000000
__Ltext12                     text12       000000
__Ltext13                     text13       000000
__Ltext14                     text14       000000
__Ltext15                     text15       000000
__Ltext16                     text16       000000
__Ltext17                     text17       000000
__Ltext18                     text18       000000
__Ltext2                      text2        000000
__Ltext3                      text3        000000
__Ltext4                      text4        000000
__Ltext5                      text5        000000
__Ltext6                      text6        000000
__Ltext7                      text7        000000
__Ltext8                      text8        000000
__Ltext9                      text9        000000
__S0                          (abs)        008000
__S1                          (abs)        00004F
__S4                          (abs)        000000
__S5                          (abs)        000000
___heap_hi                    (abs)        000000
___heap_lo                    (abs)        000000
___inthi_sp                   stack        000000
___inthi_stack_hi             stack        000000
___inthi_stack_lo             stack        000000
___intlo_sp                   stack        000000
___intlo_stack_hi             stack        000000
___intlo_stack_lo             stack        000000
___param_bank                 (abs)        000000
___rparam_used                (abs)        000001
___sp                         stack        000000
___stack_hi                   stack        000000
___stack_lo                   stack        000000
__accesstop                   (abs)        000060
__activetblptr                (abs)        000002
__end_of_GetByte              text18       007736
__end_of_I2C_Hold             text16       007804
__end_of_I2C_Init             text17       007724
__end_of_I2C_Start            text15       00774C
__end_of_I2C_Stop             text14       007762
__end_of_I2C_Write            text13       0077C0
__end_of_SSD1306_ClearScreen  text12       007934
__end_of_SSD1306_Init         text10       007B9E
__end_of_SSD1306_String       text8        007E0A
__end_of_SSD1306_WriteCommand text11       0077DE
__end_of_SendByte             text7        007778
__end_of_TEXT5x8              mediumconst  007FEB
__end_of_USART_Init           text6        00778E
__end_of__initialization      cinit        00779A
__end_of_fputc                text4        0079DE
__end_of_main                 text0        007CB6
__end_of_memcpy               text9        0078C8
__end_of_putch                text5        007716
__end_of_sprintf              text1        00783C
__end_of_vfpfcnvrt            text3        007AA4
__end_of_vfprintf             text2        00787E
__initialization              cinit        00778E
__mediumconst                 mediumconst  007E0A
__pbssCOMRAM                  bssCOMRAM    00002A
__pcinit                      cinit        00778E
__pcstackCOMRAM               cstackCOMRAM 000001
__pmediumconst                mediumconst  007E0A
__ptext0                      text0        007B9E
__ptext1                      text1        007804
__ptext10                     text10       007AA4
__ptext11                     text11       0077C0
__ptext12                     text12       0078C8
__ptext13                     text13       0077A4
__ptext14                     text14       00774C
__ptext15                     text15       007736
__ptext16                     text16       0077DE
__ptext17                     text17       007716
__ptext18                     text18       007724
__ptext2                      text2        00783C
__ptext3                      text3        0079DE
__ptext4                      text4        007934
__ptext5                      text5        007714
__ptext6                      text6        007778
__ptext7                      text7        007762
__ptext8                      text8        007CB6
__ptext9                      text9        00787E
__ramtop                      ramtop       000600
__smallconst                  mediumconst  007E0A
_flags                        bssCOMRAM    00004E
_fputc                        text4        007934
_main                         text0        007B9E
_memcpy                       text9        00787E
_prec                         bssCOMRAM    00004C
_putch                        text5        007714
_sprintf                      text1        007804
_vfpfcnvrt                    text3        0079DE
_vfprintf                     text2        00783C
_width                        bssCOMRAM    00004A
end_of_initialization         cinit        00779A
fputc@c                       cstackCOMRAM 000001
fputc@fp                      cstackCOMRAM 000003
intlevel0                     text         000000
intlevel1                     text         000000
intlevel2                     text         000000
intlevel3                     text         000000
isa$std                       (abs)        000001
isa$xinst                     (abs)        000000
main@a                        cstackCOMRAM 000026
main@data                     cstackCOMRAM 000029
memcpy@d                      cstackCOMRAM 000009
memcpy@d1                     cstackCOMRAM 000001
memcpy@n                      cstackCOMRAM 000004
memcpy@s                      cstackCOMRAM 000006
memcpy@s1                     cstackCOMRAM 000002
memcpy@tmp                    cstackCOMRAM 000008
sprintf@ap                    cstackCOMRAM 000018
sprintf@f                     cstackCOMRAM 000019
sprintf@fmt                   cstackCOMRAM 000014
sprintf@s                     cstackCOMRAM 000013
stackhi                       (abs)        000000
stacklo                       (abs)        000000
start                         init         007FFC
start_initialization          cinit        00778E
vfpfcnvrt@ap                  cstackCOMRAM 00000B
vfpfcnvrt@c                   cstackCOMRAM 00000C
vfpfcnvrt@fmt                 cstackCOMRAM 00000A
vfpfcnvrt@fp                  cstackCOMRAM 000009
vfprintf@ap                   cstackCOMRAM 000010
vfprintf@cfmt                 cstackCOMRAM 000011
vfprintf@fmt                  cstackCOMRAM 00000E
vfprintf@fp                   cstackCOMRAM 00000D


MODULE INFORMATION

Module		Function		Class		Link	Load	Size
C:\Program Files\Microchip\xc8\v3.00\pic\sources\c99\common\nf_fputc.c
		_fputc         		CODE           	7934	0000	170

C:\Program Files\Microchip\xc8\v3.00\pic\sources\c99\common\nf_fputc.c estimated size: 170

C:\Program Files\Microchip\xc8\v3.00\pic\sources\c99\common\memcpy.c
		_memcpy        		CODE           	787E	0000	74

C:\Program Files\Microchip\xc8\v3.00\pic\sources\c99\common\memcpy.c estimated size: 74

C:\Program Files\Microchip\xc8\v3.00\pic\sources\c99\common\nf_sprintf.c
		_sprintf       		CODE           	7804	0000	56

C:\Program Files\Microchip\xc8\v3.00\pic\sources\c99\common\nf_sprintf.c estimated size: 56

C:\Program Files\Microchip\xc8\v3.00\pic\sources\c99\common\putch.c
		_putch         		CODE           	7714	0000	2

C:\Program Files\Microchip\xc8\v3.00\pic\sources\c99\common\putch.c estimated size: 2

shared
		_TEXT5x8       		MEDIUMCONST    	7E0B	0000	480
		__initialization		CODE           	778E	0000	12

shared estimated size: 492

./SSD1306.h
		_SSD1306_WriteCommand		CODE           	77C0	0000	30
		_SSD1306_Init  		CODE           	7AA4	0000	250
		_SSD1306_ClearScreen		CODE           	78C8	0000	108
		_SSD1306_String		CODE           	7CB6	0000	340

./SSD1306.h estimated size: 728

./I2C.h
		_I2C_Write     		CODE           	77A4	0000	28
		_I2C_Stop      		CODE           	774C	0000	22
		_I2C_Init      		CODE           	7716	0000	14
		_I2C_Hold      		CODE           	77DE	0000	38
		_I2C_Start     		CODE           	7736	0000	22

./I2C.h estimated size: 124

main.c
		_SendByte      		CODE           	7762	0000	22
		_main          		CODE           	7B9E	0000	280
		_GetByte       		CODE           	7724	0000	18
		_USART_Init    		CODE           	7778	0000	22

main.c estimated size: 342

C:\Program Files\Microchip\xc8\v3.00\pic\sources\c99\common\doprnt.c
		_vfpfcnvrt     		CODE           	79DE	0000	198
		_vfprintf      		CODE           	783C	0000	66

C:\Program Files\Microchip\xc8\v3.00\pic\sources\c99\common\doprnt.c estimated size: 264

