Microchip MPLAB XC8 Compiler V3.00

Linker command line:

-W-3 \
  --edf=C:\Program Files\Microchip\xc8\v3.00\pic\dat\20241204225717_en.msgs \
  -cn -h+dist/default/production\SSD1306.X.production.sym \
  --cmf=dist/default/production\SSD1306.X.production.cmf -z -Q18F4580 \
  -oC:\Users\sesha\AppData\Local\Temp\xcAs5ao.\driver_tmp_3.o \
  --defsym=__MPLAB_BUILD=1 --fixupoverflow=error \
  -Mdist/default/production/SSD1306.X.production.map \
  --md=C:\Users\sesha\AppData\Local\Temp\xcAs5ao.\driver_tmp_0.dat -E1 \
  -ver=XC8 Compiler -ACODE=00h-07FFFh -ACONST=00h-07FFFh \
  -ASMALLCONST=0600h-06FFhx122 -AMEDIUMCONST=0600h-07FFFh -ACOMRAM=01h-05Fh \
  -AABS1=00h-05FFh -ABIGRAM=01h-05FFh -ARAM=060h-0FFh,0100h-01FFhx5 \
  -ABANK0=060h-0FFh -ABANK1=0100h-01FFh -ABANK2=0200h-02FFh \
  -ABANK3=0300h-03FFh -ABANK4=0400h-04FFh -ABANK5=0500h-05FFh \
  -ASFR=0D00h-0DFFhx2,0F00h-0F5Fh,0F60h-0FFFh -ABIGSFR=0D00h-0FFFh \
  -ACONFIG=0300000h-030000Dh -AIDLOC=0200000h-0200007h \
  -AEEDATA=0F00000h-0F000FFh -peeprom_data=EEDATA \
  -preset_vec=00h,intcode=8h,intcodelo=18h,sivt_lo,sivt_hi=CODE \
  -ppowerup=CODE,init -pramtop=0600h -psmallconst=SMALLCONST \
  -pmediumconst=MEDIUMCONST -pconst=CONST -AFARRAM=00h-00h \
  -prdata=COMRAM,nvrram=COMRAM,nvbit=COMRAM,rbss=COMRAM,rbit=COMRAM \
  -pfarbss=FARRAM,fardata=FARRAM,nvFARRAM=FARRAM \
  -pintsave_regs=BIGRAM,bigbss=BIGRAM,bigdata=BIGRAM -pbss=RAM \
  -pidata=CODE,irdata=CODE,ibigdata=CODE,ifardata=CODE -prparam=COMRAM \
  C:\Users\sesha\AppData\Local\Temp\xcAs5ao.\driver_tmp_14.o \
  dist/default/production\SSD1306.X.production.o 

Object code version is 3.11

Machine type is 18F4580



                Name                               Link     Load   Length Selector   Space Scale
C:\Users\sesha\AppData\Local\Temp\xcAs5ao.\driver_tmp_14.o
                config                           300000   300000        E        0       4
                init                                  E        E        4        4       0
                reset_vec                             0        0        4        0       0
dist/default/production\SSD1306.X.production.o
                intcode                               8        8        6        4       0
                config                           300000   300000        E        0       4
                temp                                 53       53        1        1       1
                mediumconst                        7DF6     7DF6      20A     3EFB       0
                text28                             1198     1198        A        4       0
                intcode_body                       1130     1130       18        4       0
                text26                               12       12      426        4       0
                text25                              A62      A62      106        4       0
                text24                              438      438      1B4        4       0
                text23                              C62      C62       B4        4       0
                text22                             118A     118A        E        4       0
                text21                             10B2     10B2       26        4       0
                text20                             1174     1174       16        4       0
                text19                             115E     115E       16        4       0
                text18                             1114     1114       1C        4       0
                text17                              E34      E34       6C        4       0
                text16                              FEE      FEE       3A        4       0
                text15                             10F6     10F6       1E        4       0
                text14                              B68      B68       FA        4       0
                text13                             1148     1148       16        4       0
                text12                              F04      F04       5E        4       0
                text11                             10D8     10D8       1E        4       0
                text10                              F62      F62       4A        4       0
                text9                               90E      90E      154        4       0
                text8                              1060     1060       2C        4       0
                text7                               DC0      DC0       74        4       0
                text6                               EA0      EA0       64        4       0
                text5                              11A2     11A2        2        4       0
                text4                               D16      D16       AA        4       0
                text3                               788      788      186        4       0
                text2                               FAC      FAC       42        4       0
                text1                              1028     1028       38        4       0
                text0                               5EC      5EC      19C        4       0
                cstackCOMRAM                          1        1       47        1       1
                bssBANK0                             60       60       20       60       1
                bssCOMRAM                            48       48        B        1       1
                cinit                              108C     108C       26        4       0

TOTAL           Name                               Link     Load   Length     Space
        CLASS   CODE           
                intcode                               8        8        6         0
                init                                  E        E        4         0
                reset_vec                             0        0        4         0
                text28                             1198     1198        A         0
                intcode_body                       1130     1130       18         0
                text26                               12       12      426         0
                text25                              A62      A62      106         0
                text24                              438      438      1B4         0
                text23                              C62      C62       B4         0
                text22                             118A     118A        E         0
                text21                             10B2     10B2       26         0
                text20                             1174     1174       16         0
                text19                             115E     115E       16         0
                text18                             1114     1114       1C         0
                text17                              E34      E34       6C         0
                text16                              FEE      FEE       3A         0
                text15                             10F6     10F6       1E         0
                text14                              B68      B68       FA         0
                text13                             1148     1148       16         0
                text12                              F04      F04       5E         0
                text11                             10D8     10D8       1E         0
                text10                              F62      F62       4A         0
                text9                               90E      90E      154         0
                text8                              1060     1060       2C         0
                text7                               DC0      DC0       74         0
                text6                               EA0      EA0       64         0
                text5                              11A2     11A2        2         0
                text4                               D16      D16       AA         0
                text3                               788      788      186         0
                text2                               FAC      FAC       42         0
                text1                              1028     1028       38         0
                text0                               5EC      5EC      19C         0
                cinit                              108C     108C       26         0

        CLASS   CONST          

        CLASS   SMALLCONST     

        CLASS   MEDIUMCONST    
                mediumconst                        7DF6     7DF6      20A         0

        CLASS   COMRAM         
                temp                                 53       53        1         1
                cstackCOMRAM                          1        1       47         1
                bssCOMRAM                            48       48        B         1

        CLASS   ABS1           

        CLASS   BIGRAM         

        CLASS   RAM            

        CLASS   BANK0          
                bssBANK0                             60       60       20         1

        CLASS   BANK1          

        CLASS   BANK2          

        CLASS   BANK3          

        CLASS   BANK4          

        CLASS   BANK5          

        CLASS   SFR            

        CLASS   BIGSFR         

        CLASS   CONFIG         
                config                           300000   300000        E         4

        CLASS   IDLOC          

        CLASS   EEDATA         

        CLASS   FARRAM         

        CLASS   HEAP           

        CLASS   STACK          



SEGMENTS        Name                           Load    Length   Top    Selector   Space  Class

                reset_vec                      000000  000004  000004         0       0  CODE    
                cstackCOMRAM                   000001  000053  000054         1       1  COMRAM  
                intcode                        000008  00119C  0011A4         4       0  CODE    
                bssBANK0                       000060  000020  000080        60       1  BANK0   
                mediumconst                    007DF6  00020A  008000      3EFB       0  MEDIUMCO


UNUSED ADDRESS RANGES

        Name                Unused          Largest block    Delta
        BANK0            000080-0000FF               80
        BANK1            000100-0001FF              100
        BANK2            000200-0002FF              100
        BANK3            000300-0003FF              100
        BANK4            000400-0004FF              100
        BANK5            000500-0005FF              100
        BIGRAM           000054-00005F                C
                         000080-0005FF              580
        BIGSFR           000D00-000FFF              300
        CODE             000004-000007                4
                         0011A4-007DF5             6C52
        COMRAM           000054-00005F                C
        CONST            000004-000007                4
                         0011A4-007DF5             6C52
        EEDATA           F00000-F000FF              100
        IDLOC            200000-200007                8
        MEDIUMCONST      0011A4-007DF5             6C52
        RAM              000080-0005FF              100
        SFR              000D00-000FFF              100
        SMALLCONST       0011A4-007DF5              100

                                  Symbol Table

?_GetDistance                       cstackCOMRAM 000032
?___flmul                           cstackCOMRAM 00000F
?___fltol                           cstackCOMRAM 000028
?___lwdiv                           cstackCOMRAM 000001
?___lwmod                           cstackCOMRAM 000001
?___xxtofl                          cstackCOMRAM 000001
?_sprintf                           cstackCOMRAM 00001B
?_vfprintf                          cstackCOMRAM 000015
GetDistance@distance_cm             cstackCOMRAM 000036
GetDistance@pulseWidth              cstackCOMRAM 000038
I2C_Write@data                      cstackCOMRAM 000002
SSD1306_ClearScreen@i               cstackCOMRAM 000003
SSD1306_ClearScreen@j               cstackCOMRAM 000005
SSD1306_String@a                    cstackCOMRAM 000018
SSD1306_String@data                 cstackCOMRAM 00000A
SSD1306_String@i                    cstackCOMRAM 00001A
SSD1306_String@pixData              cstackCOMRAM 000013
SSD1306_WriteCommand@cmd            cstackCOMRAM 000003
SendByte@ch                         cstackCOMRAM 000001
SendString@str                      cstackCOMRAM 000002
UpdateScreen@command                cstackCOMRAM 00001C
UpdateScreen@printVar               cstackCOMRAM 00001D
_ADCON1                             (abs)        000FC1
_BRG16                              (abs)        007DC3
_BRGH                               (abs)        007D62
_CMCON                              (abs)        000FB4
_CREN                               (abs)        007D5C
_EUSART_Rx_InterruptHandler         text28       001198
_GetDistance                        text23       000C62
_I2C_Hold                           text21       0010B2
_I2C_Init                           text22       00118A
_I2C_Start                          text20       001174
_I2C_Stop                           text19       00115E
_I2C_Write                          text18       001114
_INTCONbits                         (abs)        000FF2
_LATDbits                           (abs)        000F8C
_OSCCON                             (abs)        000FD3
_PEN                                (abs)        007E2A
_PIE1bits                           (abs)        000F9D
_PIR1bits                           (abs)        000F9E
_PORTDbits                          (abs)        000F83
_RCIF                               (abs)        007CF5
_RCREG                              (abs)        000FAE
_RX9                                (abs)        007D5E
_SEN                                (abs)        007E28
_SPBRG                              (abs)        000FAF
_SPBRGH                             (abs)        000FB0
_SPEN                               (abs)        007D5F
_SSD1306_ClearScreen                text17       000E34
_SSD1306_GotoStart                  text16       000FEE
_SSD1306_Init                       text14       000B68
_SSD1306_String                     text9        00090E
_SSD1306_WriteCommand               text15       0010F6
_SSPADD                             (abs)        000FC8
_SSPBUF                             (abs)        000FC9
_SSPCON1                            (abs)        000FC6
_SSPCON2                            (abs)        000FC5
_SSPIF                              (abs)        007CF3
_SSPSTAT                            (abs)        000FC7
_SYNC                               (abs)        007D64
_SendByte                           text13       001148
_SendString                         text12       000F04
_T1CON                              (abs)        000FCD
_T1CONbits                          (abs)        000FCD
_TEXT5x8                            mediumconst  007DF7
_TMR1H                              (abs)        000FCF
_TMR1L                              (abs)        000FCE
_TRISC                              (abs)        000F94
_TRISCbits                          (abs)        000F94
_TRISD                              (abs)        000F95
_TRISDbits                          (abs)        000F95
_TX9                                (abs)        007D66
_TXEN                               (abs)        007D65
_TXIF                               (abs)        007CF4
_TXREG                              (abs)        000FAD
_USART_Init                         text11       0010D8
_UpdateScreen                       text8        001060
__HRAM                              (abs)        000000
__H__absolute__                     __absolute__ 000000
__Habs1                             abs1         000000
__Hbank0                            bank0        000000
__Hbank1                            bank1        000000
__Hbank2                            bank2        000000
__Hbank3                            bank3        000000
__Hbank4                            bank4        000000
__Hbank5                            bank5        000000
__Hbigbss                           bigbss       000000
__Hbigdata                          bigdata      000000
__Hbigram                           bigram       000000
__Hbigsfr                           bigsfr       000000
__Hbss                              bss          000000
__HbssBANK0                         bssBANK0     000000
__HbssCOMRAM                        bssCOMRAM    000000
__Hcinit                            cinit        000000
__Hclrtext                          clrtext      000000
__Hcomram                           comram       000000
__Hconfig                           config       30000E
__Hconst                            const        000000
__HcstackCOMRAM                     cstackCOMRAM 000000
__Hdata                             data         000000
__Heeprom_data                      eeprom_data  000000
__Hfarbss                           farbss       000000
__Hfardata                          fardata      000000
__Hheap                             heap         000000
__Hibigdata                         ibigdata     000000
__Hidata                            idata        000000
__Hidloc                            idloc        000000
__Hifardata                         ifardata     000000
__Hinit                             init         000012
__Hintcode                          intcode      00000E
__Hintcode_body                     intcode_body 000000
__Hintcodelo                        intcodelo    000018
__Hintentry                         intentry     000000
__Hintret                           intret       000000
__Hintsave_regs                     intsave_regs 000000
__Hirdata                           irdata       000000
__Hmediumconst                      mediumconst  008000
__HnvFARRAM                         nvFARRAM     000000
__Hnvbit                            nvbit        000000
__Hnvrram                           nvrram       000000
__Hparam                            rparam       000000
__Hpowerup                          powerup      000000
__Hram                              ram          000000
__Hramtop                           ramtop       000600
__Hrbit                             rbit         000000
__Hrbss                             rbss         000000
__Hrdata                            rdata        000000
__Hreset_vec                        reset_vec    000004
__Hrparam                           rparam       000000
__Hsfr                              sfr          000000
__Hsivt_hi                          sivt_hi      000000
__Hsivt_lo                          sivt_lo      000018
__Hsmallconst                       smallconst   000000
__Hspace_0                          (abs)        008000
__Hspace_1                          (abs)        000080
__Hspace_2                          (abs)        000000
__Hspace_4                          (abs)        60000E
__Hstack                            stack        000000
__Hstruct                           struct       000000
__Htemp                             temp         000054
__Htext                             text         000000
__Htext0                            text0        000000
__Htext1                            text1        000000
__Htext10                           text10       000000
__Htext11                           text11       000000
__Htext12                           text12       000000
__Htext13                           text13       000000
__Htext14                           text14       000000
__Htext15                           text15       000000
__Htext16                           text16       000000
__Htext17                           text17       000000
__Htext18                           text18       000000
__Htext19                           text19       000000
__Htext2                            text2        000000
__Htext20                           text20       000000
__Htext21                           text21       000000
__Htext22                           text22       000000
__Htext23                           text23       000000
__Htext24                           text24       000000
__Htext25                           text25       000000
__Htext26                           text26       000000
__Htext28                           text28       000000
__Htext3                            text3        000000
__Htext4                            text4        000000
__Htext5                            text5        000000
__Htext6                            text6        000000
__Htext7                            text7        000000
__Htext8                            text8        000000
__Htext9                            text9        000000
__ISR                               intcode      000008
__LRAM                              (abs)        000001
__L__absolute__                     __absolute__ 000000
__Labs1                             abs1         000000
__Lbank0                            bank0        000000
__Lbank1                            bank1        000000
__Lbank2                            bank2        000000
__Lbank3                            bank3        000000
__Lbank4                            bank4        000000
__Lbank5                            bank5        000000
__Lbigbss                           bigbss       000000
__Lbigdata                          bigdata      000000
__Lbigram                           bigram       000000
__Lbigsfr                           bigsfr       000000
__Lbss                              bss          000000
__LbssBANK0                         bssBANK0     000000
__LbssCOMRAM                        bssCOMRAM    000000
__Lcinit                            cinit        000000
__Lclrtext                          clrtext      000000
__Lcomram                           comram       000000
__Lconfig                           config       000000
__Lconst                            const        000000
__LcstackCOMRAM                     cstackCOMRAM 000000
__Ldata                             data         000000
__Leeprom_data                      eeprom_data  000000
__Lfarbss                           farbss       000000
__Lfardata                          fardata      000000
__Lheap                             heap         000000
__Libigdata                         ibigdata     000000
__Lidata                            idata        000000
__Lidloc                            idloc        000000
__Lifardata                         ifardata     000000
__Linit                             init         00000E
__Lintcode                          intcode      000008
__Lintcode_body                     intcode_body 000000
__Lintcodelo                        intcodelo    000018
__Lintentry                         intentry     000000
__Lintret                           intret       000000
__Lintsave_regs                     intsave_regs 000000
__Lirdata                           irdata       000000
__Lmediumconst                      mediumconst  007DF6
__LnvFARRAM                         nvFARRAM     000000
__Lnvbit                            nvbit        000000
__Lnvrram                           nvrram       000000
__Lparam                            rparam       000000
__Lpowerup                          powerup      000000
__Lram                              ram          000000
__Lramtop                           ramtop       000600
__Lrbit                             rbit         000000
__Lrbss                             rbss         000000
__Lrdata                            rdata        000000
__Lreset_vec                        reset_vec    000000
__Lrparam                           rparam       000000
__Lsfr                              sfr          000000
__Lsivt_hi                          sivt_hi      000000
__Lsivt_lo                          sivt_lo      000018
__Lsmallconst                       smallconst   000000
__Lspace_0                          (abs)        000000
__Lspace_1                          (abs)        000000
__Lspace_2                          (abs)        000000
__Lspace_4                          (abs)        000000
__Lstack                            stack        000000
__Lstruct                           struct       000000
__Ltemp                             temp         000053
__Ltext                             text         000000
__Ltext0                            text0        000000
__Ltext1                            text1        000000
__Ltext10                           text10       000000
__Ltext11                           text11       000000
__Ltext12                           text12       000000
__Ltext13                           text13       000000
__Ltext14                           text14       000000
__Ltext15                           text15       000000
__Ltext16                           text16       000000
__Ltext17                           text17       000000
__Ltext18                           text18       000000
__Ltext19                           text19       000000
__Ltext2                            text2        000000
__Ltext20                           text20       000000
__Ltext21                           text21       000000
__Ltext22                           text22       000000
__Ltext23                           text23       000000
__Ltext24                           text24       000000
__Ltext25                           text25       000000
__Ltext26                           text26       000000
__Ltext28                           text28       000000
__Ltext3                            text3        000000
__Ltext4                            text4        000000
__Ltext5                            text5        000000
__Ltext6                            text6        000000
__Ltext7                            text7        000000
__Ltext8                            text8        000000
__Ltext9                            text9        000000
__S0                                (abs)        008000
__S1                                (abs)        000080
__S4                                (abs)        000000
__S5                                (abs)        000000
___flmul                            text26       000012
___flmul@a                          cstackCOMRAM 000013
___flmul@aexp                       cstackCOMRAM 000020
___flmul@b                          cstackCOMRAM 00000F
___flmul@bexp                       cstackCOMRAM 000021
___flmul@grs                        cstackCOMRAM 00001C
___flmul@prod                       cstackCOMRAM 000022
___flmul@sign                       cstackCOMRAM 00001B
___flmul@temp                       cstackCOMRAM 000026
___fltol                            text25       000A62
___fltol@exp1                       cstackCOMRAM 000031
___fltol@f1                         cstackCOMRAM 000028
___fltol@sign1                      cstackCOMRAM 000030
___heap_hi                          (abs)        000000
___heap_lo                          (abs)        000000
___inthi_sp                         stack        000000
___inthi_stack_hi                   stack        000000
___inthi_stack_lo                   stack        000000
___intlo_sp                         stack        000000
___intlo_stack_hi                   stack        000000
___intlo_stack_lo                   stack        000000
___lwdiv                            text7        000DC0
___lwdiv@counter                    cstackCOMRAM 000007
___lwdiv@dividend                   cstackCOMRAM 000001
___lwdiv@divisor                    cstackCOMRAM 000003
___lwdiv@quotient                   cstackCOMRAM 000005
___lwmod                            text6        000EA0
___lwmod@counter                    cstackCOMRAM 000005
___lwmod@dividend                   cstackCOMRAM 000001
___lwmod@divisor                    cstackCOMRAM 000003
___param_bank                       (abs)        000000
___rparam_used                      (abs)        000001
___sp                               stack        000000
___stack_hi                         stack        000000
___stack_lo                         stack        000000
___xxtofl                           text24       000438
___xxtofl@arg                       cstackCOMRAM 00000B
___xxtofl@exp                       cstackCOMRAM 00000A
___xxtofl@sign                      cstackCOMRAM 000009
___xxtofl@val                       cstackCOMRAM 000001
__accesstop                         (abs)        000060
__activetblptr                      (abs)        000002
__end_of_EUSART_Rx_InterruptHandler text28       0011A2
__end_of_GetDistance                text23       000D16
__end_of_I2C_Hold                   text21       0010D8
__end_of_I2C_Init                   text22       001198
__end_of_I2C_Start                  text20       00118A
__end_of_I2C_Stop                   text19       001174
__end_of_I2C_Write                  text18       001130
__end_of_SSD1306_ClearScreen        text17       000EA0
__end_of_SSD1306_GotoStart          text16       001028
__end_of_SSD1306_Init               text14       000C62
__end_of_SSD1306_String             text9        000A62
__end_of_SSD1306_WriteCommand       text15       001114
__end_of_SendByte                   text13       00115E
__end_of_SendString                 text12       000F62
__end_of_TEXT5x8                    mediumconst  007FD7
__end_of_USART_Init                 text11       0010F6
__end_of_UpdateScreen               text8        00108C
__end_of__ISR                       intcode_body 001148
__end_of___flmul                    text26       000438
__end_of___fltol                    text25       000B68
__end_of___lwdiv                    text7        000E34
__end_of___lwmod                    text6        000F04
__end_of___xxtofl                   text24       0005EC
__end_of__initialization            cinit        0010A4
__end_of_fputc                      text4        000DC0
__end_of_main                       text0        000788
__end_of_memcpy                     text10       000FAC
__end_of_putch                      text5        0011A4
__end_of_sprintf                    text1        001060
__end_of_vfpfcnvrt                  text3        00090E
__end_of_vfprintf                   text2        000FEE
__initialization                    cinit        00108C
__mediumconst                       mediumconst  007DF6
__pbssBANK0                         bssBANK0     000060
__pbssCOMRAM                        bssCOMRAM    000048
__pcinit                            cinit        00108C
__pcstackCOMRAM                     cstackCOMRAM 000001
__pintcode                          intcode      000008
__pintcode_body                     intcode_body 001130
__pmediumconst                      mediumconst  007DF6
__ptext0                            text0        0005EC
__ptext1                            text1        001028
__ptext10                           text10       000F62
__ptext11                           text11       0010D8
__ptext12                           text12       000F04
__ptext13                           text13       001148
__ptext14                           text14       000B68
__ptext15                           text15       0010F6
__ptext16                           text16       000FEE
__ptext17                           text17       000E34
__ptext18                           text18       001114
__ptext19                           text19       00115E
__ptext2                            text2        000FAC
__ptext20                           text20       001174
__ptext21                           text21       0010B2
__ptext22                           text22       00118A
__ptext23                           text23       000C62
__ptext24                           text24       000438
__ptext25                           text25       000A62
__ptext26                           text26       000012
__ptext28                           text28       001198
__ptext3                            text3        000788
__ptext4                            text4        000D16
__ptext5                            text5        0011A2
__ptext6                            text6        000EA0
__ptext7                            text7        000DC0
__ptext8                            text8        001060
__ptext9                            text9        00090E
__ramtop                            ramtop       000600
__smallconst                        mediumconst  007DF6
_dbuf                               bssBANK0     000060
_flags                              bssCOMRAM    000050
_fputc                              text4        000D16
_main                               text0        0005EC
_memcpy                             text10       000F62
_prec                               bssCOMRAM    00004E
_putch                              text5        0011A2
_rxData                             bssCOMRAM    000052
_rxFlag                             bssCOMRAM    000051
_sprintf                            text1        001028
_vfpfcnvrt                          text3        000788
_vfprintf                           text2        000FAC
_width                              bssCOMRAM    00004C
btemp                               temp         000053
end_of_initialization               cinit        0010A4
fputc@c                             cstackCOMRAM 000001
fputc@fp                            cstackCOMRAM 000003
int$flags                           temp         000053
int_func                            intcode_body 001130
intlevel0                           text         000000
intlevel1                           text         000000
intlevel2                           text         000000
intlevel3                           text         000000
isa$std                             (abs)        000001
isa$xinst                           (abs)        000000
main@a                              cstackCOMRAM 00003C
main@cmd                            cstackCOMRAM 000047
main@dist                           cstackCOMRAM 000043
main@oldCmd                         cstackCOMRAM 000046
main@updateScn                      cstackCOMRAM 000045
memcpy@d                            cstackCOMRAM 000009
memcpy@d1                           cstackCOMRAM 000001
memcpy@n                            cstackCOMRAM 000004
memcpy@s                            cstackCOMRAM 000006
memcpy@s1                           cstackCOMRAM 000002
memcpy@tmp                          cstackCOMRAM 000008
sprintf@ap                          cstackCOMRAM 000020
sprintf@f                           cstackCOMRAM 000021
sprintf@fmt                         cstackCOMRAM 00001C
sprintf@s                           cstackCOMRAM 00001B
stackhi                             (abs)        000000
stacklo                             (abs)        000000
start                               init         00000E
start_initialization                cinit        00108C
ttemp5                              temp         000054
ttemp6                              temp         000057
ttemp7                              temp         00005B
vfpfcnvrt@ap                        cstackCOMRAM 00000B
vfpfcnvrt@c                         cstackCOMRAM 000014
vfpfcnvrt@convarg                   cstackCOMRAM 000010
vfpfcnvrt@cp                        cstackCOMRAM 00000E
vfpfcnvrt@fmt                       cstackCOMRAM 00000A
vfpfcnvrt@fp                        cstackCOMRAM 000009
vfprintf@ap                         cstackCOMRAM 000018
vfprintf@cfmt                       cstackCOMRAM 000019
vfprintf@fmt                        cstackCOMRAM 000016
vfprintf@fp                         cstackCOMRAM 000015
wtemp8                              temp         000054


MODULE INFORMATION

Module		Function		Class		Link	Load	Size
C:\Program Files\Microchip\xc8\v3.00\pic\sources\c99\common\nf_fputc.c
		_fputc         		CODE           	0D16	0000	170

C:\Program Files\Microchip\xc8\v3.00\pic\sources\c99\common\nf_fputc.c estimated size: 170

C:\Program Files\Microchip\xc8\v3.00\pic\sources\c99\common\memcpy.c
		_memcpy        		CODE           	0F62	0000	74

C:\Program Files\Microchip\xc8\v3.00\pic\sources\c99\common\memcpy.c estimated size: 74

C:\Program Files\Microchip\xc8\v3.00\pic\sources\c99\common\nf_sprintf.c
		_sprintf       		CODE           	1028	0000	56

C:\Program Files\Microchip\xc8\v3.00\pic\sources\c99\common\nf_sprintf.c estimated size: 56

C:\Program Files\Microchip\xc8\v3.00\pic\sources\c99\common\lwmod.c
		___lwmod       		CODE           	0EA0	0000	100

C:\Program Files\Microchip\xc8\v3.00\pic\sources\c99\common\lwmod.c estimated size: 100

C:\Program Files\Microchip\xc8\v3.00\pic\sources\c99\common\putch.c
		_putch         		CODE           	11A2	0000	2

C:\Program Files\Microchip\xc8\v3.00\pic\sources\c99\common\putch.c estimated size: 2

C:\Program Files\Microchip\xc8\v3.00\pic\sources\c99\common\sprcmul.c
		___flmul       		CODE           	0012	0000	1062

C:\Program Files\Microchip\xc8\v3.00\pic\sources\c99\common\sprcmul.c estimated size: 1062

shared
		_TEXT5x8       		MEDIUMCONST    	7DF7	0000	480
		__initialization		CODE           	108C	0000	24

shared estimated size: 504

C:\Program Files\Microchip\xc8\v3.00\pic\sources\c99\common\xxtofl.c
		___xxtofl      		CODE           	0438	0000	436

C:\Program Files\Microchip\xc8\v3.00\pic\sources\c99\common\xxtofl.c estimated size: 436

./SSD1306.h
		_SSD1306_WriteCommand		CODE           	10F6	0000	30
		_SSD1306_Init  		CODE           	0B68	0000	250
		_SSD1306_ClearScreen		CODE           	0E34	0000	108
		_SSD1306_String		CODE           	090E	0000	340
		_SSD1306_GotoStart		CODE           	0FEE	0000	58

./SSD1306.h estimated size: 786

./I2C.h
		_I2C_Write     		CODE           	1114	0000	28
		_I2C_Stop      		CODE           	115E	0000	22
		_I2C_Init      		CODE           	118A	0000	14
		_I2C_Hold      		CODE           	10B2	0000	38
		_I2C_Start     		CODE           	1174	0000	22

./I2C.h estimated size: 124

C:\Program Files\Microchip\xc8\v3.00\pic\sources\c99\common\lwdiv.c
		___lwdiv       		CODE           	0DC0	0000	116

C:\Program Files\Microchip\xc8\v3.00\pic\sources\c99\common\lwdiv.c estimated size: 116

./EUSART.h
		_SendString    		CODE           	0F04	0000	94
		_SendByte      		CODE           	1148	0000	22
		_EUSART_Rx_InterruptHandler		CODE           	1198	0000	10
		_USART_Init    		CODE           	10D8	0000	30

./EUSART.h estimated size: 156

C:\Program Files\Microchip\xc8\v3.00\pic\sources\c99\common\fltol.c
		___fltol       		CODE           	0A62	0000	262

C:\Program Files\Microchip\xc8\v3.00\pic\sources\c99\common\fltol.c estimated size: 262

main.c
		__ISR          		CODE           	0008	0000	30
		_GetDistance   		CODE           	0C62	0000	180
		_main          		CODE           	05EC	0000	412
		_UpdateScreen  		CODE           	1060	0000	44

main.c estimated size: 666

C:\Program Files\Microchip\xc8\v3.00\pic\sources\c99\common\doprnt.c
		_vfpfcnvrt     		CODE           	0788	0000	390
		_vfprintf      		CODE           	0FAC	0000	66

C:\Program Files\Microchip\xc8\v3.00\pic\sources\c99\common\doprnt.c estimated size: 456

