Microchip MPLAB XC8 Compiler V3.00

Linker command line:

-W-3 \
  --edf=C:\Program Files\Microchip\xc8\v3.00\pic\dat\20241204225717_en.msgs \
  -cn -h+dist/default/production\SSD1306.X.production.sym \
  --cmf=dist/default/production\SSD1306.X.production.cmf -z -Q18F4580 \
  -oC:\Users\sesha\AppData\Local\Temp\xcAsjg8.\driver_tmp_3.o \
  --defsym=__MPLAB_BUILD=1 --fixupoverflow=error \
  -Mdist/default/production/SSD1306.X.production.map \
  --md=C:\Users\sesha\AppData\Local\Temp\xcAsjg8.\driver_tmp_0.dat -E1 \
  -ver=XC8 Compiler -ACODE=00h-07FFFh -ACONST=00h-07FFFh \
  -ASMALLCONST=0600h-06FFhx122 -AMEDIUMCONST=0600h-07FFFh -ACOMRAM=01h-05Fh \
  -AABS1=00h-05FFh -ABIGRAM=01h-05FFh -ARAM=060h-0FFh,0100h-01FFhx5 \
  -ABANK0=060h-0FFh -ABANK1=0100h-01FFh -ABANK2=0200h-02FFh \
  -ABANK3=0300h-03FFh -ABANK4=0400h-04FFh -ABANK5=0500h-05FFh \
  -ASFR=0D00h-0DFFhx2,0F00h-0F5Fh,0F60h-0FFFh -ABIGSFR=0D00h-0FFFh \
  -ACONFIG=0300000h-030000Dh -AIDLOC=0200000h-0200007h \
  -AEEDATA=0F00000h-0F000FFh -peeprom_data=EEDATA \
  -preset_vec=00h,intcode=8h,intcodelo=18h,sivt_lo,sivt_hi=CODE \
  -ppowerup=CODE,init -pramtop=0600h -psmallconst=SMALLCONST \
  -pmediumconst=MEDIUMCONST -pconst=CONST -AFARRAM=00h-00h \
  -prdata=COMRAM,nvrram=COMRAM,nvbit=COMRAM,rbss=COMRAM,rbit=COMRAM \
  -pfarbss=FARRAM,fardata=FARRAM,nvFARRAM=FARRAM \
  -pintsave_regs=BIGRAM,bigbss=BIGRAM,bigdata=BIGRAM -pbss=RAM \
  -pidata=CODE,irdata=CODE,ibigdata=CODE,ifardata=CODE -prparam=COMRAM \
  C:\Users\sesha\AppData\Local\Temp\xcAsjg8.\driver_tmp_9.o \
  dist/default/production\SSD1306.X.production.o 

Object code version is 3.11

Machine type is 18F4580



                Name                               Link     Load   Length Selector   Space Scale
C:\Users\sesha\AppData\Local\Temp\xcAsjg8.\driver_tmp_9.o
                config                           300000   300000        E        0       4
                init                               7FFC     7FFC        4     3FFE       0
                reset_vec                             0        0        4        0       0
dist/default/production\SSD1306.X.production.o
                config                           300000   300000        E        0       4
                smallconst                          600      600       44      300       0
                text9                               998      998        E      322       0
                text8                               8FE      8FE       26      322       0
                text7                               974      974       16      322       0
                text6                               95E      95E       16      322       0
                text5                               942      942       1C      322       0
                text4                               7BA      7BA       A4      322       0
                text3                               924      924       1E      322       0
                text2                               70E      70E       AC      322       0
                text1                               85E      85E       A0      322       0
                text0                               644      644       CA      322       0
                cstackCOMRAM                          1        1        C        1       1
                cinit                               98A      98A        E      322       0

TOTAL           Name                               Link     Load   Length     Space
        CLASS   CODE           
                init                               7FFC     7FFC        4         0
                reset_vec                             0        0        4         0
                text9                               998      998        E         0
                text8                               8FE      8FE       26         0
                text7                               974      974       16         0
                text6                               95E      95E       16         0
                text5                               942      942       1C         0
                text4                               7BA      7BA       A4         0
                text3                               924      924       1E         0
                text2                               70E      70E       AC         0
                text1                               85E      85E       A0         0
                text0                               644      644       CA         0
                cinit                               98A      98A        E         0

        CLASS   CONST          

        CLASS   SMALLCONST     
                smallconst                          600      600       44         0

        CLASS   MEDIUMCONST    

        CLASS   COMRAM         
                cstackCOMRAM                          1        1        C         1

        CLASS   ABS1           

        CLASS   BIGRAM         

        CLASS   RAM            

        CLASS   BANK0          

        CLASS   BANK1          

        CLASS   BANK2          

        CLASS   BANK3          

        CLASS   BANK4          

        CLASS   BANK5          

        CLASS   SFR            

        CLASS   BIGSFR         

        CLASS   CONFIG         
                config                           300000   300000        E         4

        CLASS   IDLOC          

        CLASS   EEDATA         

        CLASS   FARRAM         

        CLASS   HEAP           

        CLASS   STACK          



SEGMENTS        Name                           Load    Length   Top    Selector   Space  Class

                reset_vec                      000000  000004  000004         0       0  CODE    
                cstackCOMRAM                   000001  00000C  00000D         1       1  COMRAM  
                smallconst                     000600  000044  000644       300       0  SMALLCON
                text0                          000644  000362  0009A6       322       0  CODE    
                init                           007FFC  000004  008000      3FFE       0  CODE    


UNUSED ADDRESS RANGES

        Name                Unused          Largest block    Delta
        BANK0            000060-0000FF               A0
        BANK1            000100-0001FF              100
        BANK2            000200-0002FF              100
        BANK3            000300-0003FF              100
        BANK4            000400-0004FF              100
        BANK5            000500-0005FF              100
        BIGRAM           00000D-0005FF              5F3
        BIGSFR           000D00-000FFF              300
        CODE             000004-0005FF              5FC
                         0009A6-007FFB             7656
        COMRAM           00000D-00005F               53
        CONST            000004-0005FF              5FC
                         0009A6-007FFB             7656
        EEDATA           F00000-F000FF              100
        IDLOC            200000-200007                8
        MEDIUMCONST      0009A6-007FFB             7656
        RAM              000060-0005FF              100
        SFR              000D00-000FFF              100
        SMALLCONST       0009A6-007FFB              100

                                  Symbol Table

I2C_Write@data                cstackCOMRAM 000002
SSD1306_ClearScreen@i         cstackCOMRAM 000003
SSD1306_ClearScreen@j         cstackCOMRAM 000005
SSD1306_String@data           cstackCOMRAM 000005
SSD1306_String@i              cstackCOMRAM 000009
SSD1306_String@numChar        cstackCOMRAM 000003
SSD1306_WriteCommand@cmd      cstackCOMRAM 000003
_I2C_Hold                     text8        0008FE
_I2C_Init                     text9        000998
_I2C_Start                    text7        000974
_I2C_Stop                     text6        00095E
_I2C_Write                    text5        000942
_LATDbits                     (abs)        000F8C
_OSCCON                       (abs)        000FD3
_PEN                          (abs)        007E2A
_SEN                          (abs)        007E28
_SSD1306_ClearScreen          text4        0007BA
_SSD1306_Init                 text2        00070E
_SSD1306_String               text1        00085E
_SSD1306_WriteCommand         text3        000924
_SSPADD                       (abs)        000FC8
_SSPBUF                       (abs)        000FC9
_SSPCON1                      (abs)        000FC6
_SSPCON2                      (abs)        000FC5
_SSPIF                        (abs)        007CF3
_SSPSTAT                      (abs)        000FC7
_TRISC                        (abs)        000F94
_TRISD                        (abs)        000F95
_TestStr                      smallconst   000601
__HRAM                        (abs)        000000
__H__absolute__               __absolute__ 000000
__Habs1                       abs1         000000
__Hbank0                      bank0        000000
__Hbank1                      bank1        000000
__Hbank2                      bank2        000000
__Hbank3                      bank3        000000
__Hbank4                      bank4        000000
__Hbank5                      bank5        000000
__Hbigbss                     bigbss       000000
__Hbigdata                    bigdata      000000
__Hbigram                     bigram       000000
__Hbigsfr                     bigsfr       000000
__Hbss                        bss          000000
__Hcinit                      cinit        000000
__Hclrtext                    clrtext      000000
__Hcomram                     comram       000000
__Hconfig                     config       30000E
__Hconst                      const        000000
__HcstackCOMRAM               cstackCOMRAM 000000
__Hdata                       data         000000
__Heeprom_data                eeprom_data  000000
__Hfarbss                     farbss       000000
__Hfardata                    fardata      000000
__Hheap                       heap         000000
__Hibigdata                   ibigdata     000000
__Hidata                      idata        000000
__Hidloc                      idloc        000000
__Hifardata                   ifardata     000000
__Hinit                       init         008000
__Hintcode                    intcode      000008
__Hintcode_body               intcode_body 000000
__Hintcodelo                  intcodelo    000018
__Hintentry                   intentry     000000
__Hintret                     intret       000000
__Hintsave_regs               intsave_regs 000000
__Hirdata                     irdata       000000
__Hmediumconst                mediumconst  000000
__HnvFARRAM                   nvFARRAM     000000
__Hnvbit                      nvbit        000000
__Hnvrram                     nvrram       000000
__Hparam                      rparam       000000
__Hpowerup                    powerup      000000
__Hram                        ram          000000
__Hramtop                     ramtop       000600
__Hrbit                       rbit         000000
__Hrbss                       rbss         000000
__Hrdata                      rdata        000000
__Hreset_vec                  reset_vec    000004
__Hrparam                     rparam       000000
__Hsfr                        sfr          000000
__Hsivt_hi                    sivt_hi      000000
__Hsivt_lo                    sivt_lo      000018
__Hsmallconst                 smallconst   000644
__Hspace_0                    (abs)        008000
__Hspace_1                    (abs)        00000D
__Hspace_2                    (abs)        000000
__Hspace_4                    (abs)        60000E
__Hstack                      stack        000000
__Hstruct                     struct       000000
__Htemp                       temp         000000
__Htext                       text         000000
__Htext0                      text0        000000
__Htext1                      text1        000000
__Htext2                      text2        000000
__Htext3                      text3        000000
__Htext4                      text4        000000
__Htext5                      text5        000000
__Htext6                      text6        000000
__Htext7                      text7        000000
__Htext8                      text8        000000
__Htext9                      text9        000000
__LRAM                        (abs)        000001
__L__absolute__               __absolute__ 000000
__Labs1                       abs1         000000
__Lbank0                      bank0        000000
__Lbank1                      bank1        000000
__Lbank2                      bank2        000000
__Lbank3                      bank3        000000
__Lbank4                      bank4        000000
__Lbank5                      bank5        000000
__Lbigbss                     bigbss       000000
__Lbigdata                    bigdata      000000
__Lbigram                     bigram       000000
__Lbigsfr                     bigsfr       000000
__Lbss                        bss          000000
__Lcinit                      cinit        000000
__Lclrtext                    clrtext      000000
__Lcomram                     comram       000000
__Lconfig                     config       000000
__Lconst                      const        000000
__LcstackCOMRAM               cstackCOMRAM 000000
__Ldata                       data         000000
__Leeprom_data                eeprom_data  000000
__Lfarbss                     farbss       000000
__Lfardata                    fardata      000000
__Lheap                       heap         000000
__Libigdata                   ibigdata     000000
__Lidata                      idata        000000
__Lidloc                      idloc        000000
__Lifardata                   ifardata     000000
__Linit                       init         007FFC
__Lintcode                    intcode      000008
__Lintcode_body               intcode_body 000000
__Lintcodelo                  intcodelo    000018
__Lintentry                   intentry     000000
__Lintret                     intret       000000
__Lintsave_regs               intsave_regs 000000
__Lirdata                     irdata       000000
__Lmediumconst                mediumconst  000000
__LnvFARRAM                   nvFARRAM     000000
__Lnvbit                      nvbit        000000
__Lnvrram                     nvrram       000000
__Lparam                      rparam       000000
__Lpowerup                    powerup      000000
__Lram                        ram          000000
__Lramtop                     ramtop       000600
__Lrbit                       rbit         000000
__Lrbss                       rbss         000000
__Lrdata                      rdata        000000
__Lreset_vec                  reset_vec    000000
__Lrparam                     rparam       000000
__Lsfr                        sfr          000000
__Lsivt_hi                    sivt_hi      000000
__Lsivt_lo                    sivt_lo      000018
__Lsmallconst                 smallconst   000600
__Lspace_0                    (abs)        000000
__Lspace_1                    (abs)        000000
__Lspace_2                    (abs)        000000
__Lspace_4                    (abs)        000000
__Lstack                      stack        000000
__Lstruct                     struct       000000
__Ltemp                       temp         000000
__Ltext                       text         000000
__Ltext0                      text0        000000
__Ltext1                      text1        000000
__Ltext2                      text2        000000
__Ltext3                      text3        000000
__Ltext4                      text4        000000
__Ltext5                      text5        000000
__Ltext6                      text6        000000
__Ltext7                      text7        000000
__Ltext8                      text8        000000
__Ltext9                      text9        000000
__S0                          (abs)        008000
__S1                          (abs)        00000D
__S4                          (abs)        000000
__S5                          (abs)        000000
___heap_hi                    (abs)        000000
___heap_lo                    (abs)        000000
___inthi_sp                   stack        000000
___inthi_stack_hi             stack        000000
___inthi_stack_lo             stack        000000
___intlo_sp                   stack        000000
___intlo_stack_hi             stack        000000
___intlo_stack_lo             stack        000000
___param_bank                 (abs)        000000
___rparam_used                (abs)        000001
___sp                         stack        000000
___stack_hi                   stack        000000
___stack_lo                   stack        000000
__accesstop                   (abs)        000060
__activetblptr                (abs)        000001
__end_of_I2C_Hold             text8        000924
__end_of_I2C_Init             text9        0009A6
__end_of_I2C_Start            text7        00098A
__end_of_I2C_Stop             text6        000974
__end_of_I2C_Write            text5        00095E
__end_of_SSD1306_ClearScreen  text4        00085E
__end_of_SSD1306_Init         text2        0007BA
__end_of_SSD1306_String       text1        0008FE
__end_of_SSD1306_WriteCommand text3        000942
__end_of_TestStr              smallconst   000643
__end_of__initialization      cinit        00098A
__end_of_main                 text0        00070E
__initialization              cinit        00098A
__mediumconst                 smallconst   000600
__pcinit                      cinit        00098A
__pcstackCOMRAM               cstackCOMRAM 000001
__psmallconst                 smallconst   000600
__ptext0                      text0        000644
__ptext1                      text1        00085E
__ptext2                      text2        00070E
__ptext3                      text3        000924
__ptext4                      text4        0007BA
__ptext5                      text5        000942
__ptext6                      text6        00095E
__ptext7                      text7        000974
__ptext8                      text8        0008FE
__ptext9                      text9        000998
__ramtop                      ramtop       000600
__smallconst                  smallconst   000600
_main                         text0        000644
end_of_initialization         cinit        00098A
intlevel0                     text         000000
intlevel1                     text         000000
intlevel2                     text         000000
intlevel3                     text         000000
isa$std                       (abs)        000001
isa$xinst                     (abs)        000000
stackhi                       (abs)        000000
stacklo                       (abs)        000000
start                         init         007FFC
start_initialization          cinit        00098A


MODULE INFORMATION

Module		Function		Class		Link	Load	Size
shared
		__initialization		CODE           	098A	0000	1
		_TestStr       		SMALLCONST     	0601	0000	66

shared estimated size: 67

main.c
		_SSD1306_WriteCommand		CODE           	0924	0000	30
		_main          		CODE           	0644	0000	202
		_SSD1306_Init  		CODE           	070E	0000	172
		_I2C_Write     		CODE           	0942	0000	28
		_SSD1306_ClearScreen		CODE           	07BA	0000	164
		_I2C_Stop      		CODE           	095E	0000	22
		_SSD1306_String		CODE           	085E	0000	160
		_I2C_Init      		CODE           	0998	0000	14
		_I2C_Hold      		CODE           	08FE	0000	38
		_I2C_Start     		CODE           	0974	0000	22

main.c estimated size: 852

