Microchip MPLAB XC8 Compiler V3.00

Linker command line:

-W-3 \
  --edf=C:\Program Files\Microchip\xc8\v3.00\pic\dat\20241204225717_en.msgs \
  -cn -h+dist/default/production\SSD1306.X.production.sym \
  --cmf=dist/default/production\SSD1306.X.production.cmf -z -Q18F4580 \
  -oC:\Users\sesha\AppData\Local\Temp\xcAsro.\driver_tmp_3.o \
  --defsym=__MPLAB_BUILD=1 --fixupoverflow=error \
  -Mdist/default/production/SSD1306.X.production.map \
  --md=C:\Users\sesha\AppData\Local\Temp\xcAsro.\driver_tmp_0.dat -E1 \
  -ver=XC8 Compiler -ACODE=00h-07FFFh -ACONST=00h-07FFFh \
  -ASMALLCONST=0600h-06FFhx122 -AMEDIUMCONST=0600h-07FFFh -ACOMRAM=01h-05Fh \
  -AABS1=00h-05FFh -ABIGRAM=01h-05FFh -ARAM=060h-0FFh,0100h-01FFhx5 \
  -ABANK0=060h-0FFh -ABANK1=0100h-01FFh -ABANK2=0200h-02FFh \
  -ABANK3=0300h-03FFh -ABANK4=0400h-04FFh -ABANK5=0500h-05FFh \
  -ASFR=0D00h-0DFFhx2,0F00h-0F5Fh,0F60h-0FFFh -ABIGSFR=0D00h-0FFFh \
  -ACONFIG=0300000h-030000Dh -AIDLOC=0200000h-0200007h \
  -AEEDATA=0F00000h-0F000FFh -peeprom_data=EEDATA \
  -preset_vec=00h,intcode=8h,intcodelo=18h,sivt_lo,sivt_hi=CODE \
  -ppowerup=CODE,init -pramtop=0600h -psmallconst=SMALLCONST \
  -pmediumconst=MEDIUMCONST -pconst=CONST -AFARRAM=00h-00h \
  -prdata=COMRAM,nvrram=COMRAM,nvbit=COMRAM,rbss=COMRAM,rbit=COMRAM \
  -pfarbss=FARRAM,fardata=FARRAM,nvFARRAM=FARRAM \
  -pintsave_regs=BIGRAM,bigbss=BIGRAM,bigdata=BIGRAM -pbss=RAM \
  -pidata=CODE,irdata=CODE,ibigdata=CODE,ifardata=CODE -prparam=COMRAM \
  C:\Users\sesha\AppData\Local\Temp\xcAsro.\driver_tmp_9.o \
  dist/default/production\SSD1306.X.production.o 

Object code version is 3.11

Machine type is 18F4580



                Name                               Link     Load   Length Selector   Space Scale
C:\Users\sesha\AppData\Local\Temp\xcAsro.\driver_tmp_9.o
                config                           300000   300000        E        0       4
                init                               7FFC     7FFC        4     3FFE       0
                reset_vec                             0        0        4        0       0
dist/default/production\SSD1306.X.production.o
                config                           300000   300000        E        0       4
                mediumconst                        7E0E     7E0E      1EE     3F07       0
                text10                             7A04     7A04        E     3D02       0
                text9                              7A78     7A78       26     3D3C       0
                text8                              7A12     7A12       16     3D09       0
                text7                              7A28     7A28       16     3D14       0
                text6                              7A3E     7A3E       1C     3D1F       0
                text5                              7AE8     7AE8       6C     3D74       0
                text4                              7A5A     7A5A       1E     3D2D       0
                text3                              7C04     7C04       FA     3E02       0
                text2                              7A9E     7A9E       4A     3D4F       0
                text1                              7CFE     7CFE      110     3E7F       0
                text0                              7B54     7B54       B0     3DAA       0
                cstackCOMRAM                          1        1       1C        1       1
                cinit                              79FA     79FA        A     3CFD       0

TOTAL           Name                               Link     Load   Length     Space
        CLASS   CODE           
                init                               7FFC     7FFC        4         0
                reset_vec                             0        0        4         0
                text10                             7A04     7A04        E         0
                text9                              7A78     7A78       26         0
                text8                              7A12     7A12       16         0
                text7                              7A28     7A28       16         0
                text6                              7A3E     7A3E       1C         0
                text5                              7AE8     7AE8       6C         0
                text4                              7A5A     7A5A       1E         0
                text3                              7C04     7C04       FA         0
                text2                              7A9E     7A9E       4A         0
                text1                              7CFE     7CFE      110         0
                text0                              7B54     7B54       B0         0
                cinit                              79FA     79FA        A         0

        CLASS   CONST          

        CLASS   SMALLCONST     

        CLASS   MEDIUMCONST    
                mediumconst                        7E0E     7E0E      1EE         0

        CLASS   COMRAM         
                cstackCOMRAM                          1        1       1C         1

        CLASS   ABS1           

        CLASS   BIGRAM         

        CLASS   RAM            

        CLASS   BANK0          

        CLASS   BANK1          

        CLASS   BANK2          

        CLASS   BANK3          

        CLASS   BANK4          

        CLASS   BANK5          

        CLASS   SFR            

        CLASS   BIGSFR         

        CLASS   CONFIG         
                config                           300000   300000        E         4

        CLASS   IDLOC          

        CLASS   EEDATA         

        CLASS   FARRAM         

        CLASS   HEAP           

        CLASS   STACK          



SEGMENTS        Name                           Load    Length   Top    Selector   Space  Class

                reset_vec                      000000  000004  000004         0       0  CODE    
                cstackCOMRAM                   000001  00001C  00001D         1       1  COMRAM  
                cinit                          0079FA  00000A  007A04      3CFD       0  CODE    
                text10                         007A04  00000E  007A12      3D02       0  CODE    
                text8                          007A12  000016  007A28      3D09       0  CODE    
                text7                          007A28  000016  007A3E      3D14       0  CODE    
                text6                          007A3E  00001C  007A5A      3D1F       0  CODE    
                text4                          007A5A  00001E  007A78      3D2D       0  CODE    
                text9                          007A78  000026  007A9E      3D3C       0  CODE    
                text2                          007A9E  00004A  007AE8      3D4F       0  CODE    
                text5                          007AE8  00006C  007B54      3D74       0  CODE    
                text0                          007B54  0000B0  007C04      3DAA       0  CODE    
                text3                          007C04  0000FA  007CFE      3E02       0  CODE    
                text1                          007CFE  000110  007E0E      3E7F       0  CODE    
                mediumconst                    007E0E  0001EE  007FFC      3F07       0  MEDIUMCO
                init                           007FFC  000004  008000      3FFE       0  CODE    


UNUSED ADDRESS RANGES

        Name                Unused          Largest block    Delta
        BANK0            000060-0000FF               A0
        BANK1            000100-0001FF              100
        BANK2            000200-0002FF              100
        BANK3            000300-0003FF              100
        BANK4            000400-0004FF              100
        BANK5            000500-0005FF              100
        BIGRAM           00001D-0005FF              5E3
        BIGSFR           000D00-000FFF              300
        CODE             000004-0079F9             79F6
        COMRAM           00001D-00005F               43
        CONST            000004-0079F9             79F6
        EEDATA           F00000-F000FF              100
        IDLOC            200000-200007                8
        MEDIUMCONST      000600-0079F9             73FA
        RAM              000060-0005FF              100
        SFR              000D00-000FFF              100
        SMALLCONST       000600-0079F9              100

                                  Symbol Table

I2C_Write@data                cstackCOMRAM 000002
SSD1306_ClearScreen@i         cstackCOMRAM 000003
SSD1306_ClearScreen@j         cstackCOMRAM 000005
SSD1306_String@a              cstackCOMRAM 000017
SSD1306_String@data           cstackCOMRAM 00000A
SSD1306_String@i              cstackCOMRAM 000019
SSD1306_String@pixData        cstackCOMRAM 000012
SSD1306_WriteCommand@cmd      cstackCOMRAM 000003
_I2C_Hold                     text9        007A78
_I2C_Init                     text10       007A04
_I2C_Start                    text8        007A12
_I2C_Stop                     text7        007A28
_I2C_Write                    text6        007A3E
_LATDbits                     (abs)        000F8C
_OSCCON                       (abs)        000FD3
_PEN                          (abs)        007E2A
_SEN                          (abs)        007E28
_SSD1306_ClearScreen          text5        007AE8
_SSD1306_Init                 text3        007C04
_SSD1306_String               text1        007CFE
_SSD1306_WriteCommand         text4        007A5A
_SSPADD                       (abs)        000FC8
_SSPBUF                       (abs)        000FC9
_SSPCON1                      (abs)        000FC6
_SSPCON2                      (abs)        000FC5
_SSPIF                        (abs)        007CF3
_SSPSTAT                      (abs)        000FC7
_TEXT5x8                      mediumconst  007E0F
_TRISC                        (abs)        000F94
_TRISD                        (abs)        000F95
__HRAM                        (abs)        000000
__H__absolute__               __absolute__ 000000
__Habs1                       abs1         000000
__Hbank0                      bank0        000000
__Hbank1                      bank1        000000
__Hbank2                      bank2        000000
__Hbank3                      bank3        000000
__Hbank4                      bank4        000000
__Hbank5                      bank5        000000
__Hbigbss                     bigbss       000000
__Hbigdata                    bigdata      000000
__Hbigram                     bigram       000000
__Hbigsfr                     bigsfr       000000
__Hbss                        bss          000000
__Hcinit                      cinit        000000
__Hclrtext                    clrtext      000000
__Hcomram                     comram       000000
__Hconfig                     config       30000E
__Hconst                      const        000000
__HcstackCOMRAM               cstackCOMRAM 000000
__Hdata                       data         000000
__Heeprom_data                eeprom_data  000000
__Hfarbss                     farbss       000000
__Hfardata                    fardata      000000
__Hheap                       heap         000000
__Hibigdata                   ibigdata     000000
__Hidata                      idata        000000
__Hidloc                      idloc        000000
__Hifardata                   ifardata     000000
__Hinit                       init         008000
__Hintcode                    intcode      000008
__Hintcode_body               intcode_body 000000
__Hintcodelo                  intcodelo    000018
__Hintentry                   intentry     000000
__Hintret                     intret       000000
__Hintsave_regs               intsave_regs 000000
__Hirdata                     irdata       000000
__Hmediumconst                mediumconst  007FFC
__HnvFARRAM                   nvFARRAM     000000
__Hnvbit                      nvbit        000000
__Hnvrram                     nvrram       000000
__Hparam                      rparam       000000
__Hpowerup                    powerup      000000
__Hram                        ram          000000
__Hramtop                     ramtop       000600
__Hrbit                       rbit         000000
__Hrbss                       rbss         000000
__Hrdata                      rdata        000000
__Hreset_vec                  reset_vec    000004
__Hrparam                     rparam       000000
__Hsfr                        sfr          000000
__Hsivt_hi                    sivt_hi      000000
__Hsivt_lo                    sivt_lo      000018
__Hsmallconst                 smallconst   000000
__Hspace_0                    (abs)        008000
__Hspace_1                    (abs)        00001D
__Hspace_2                    (abs)        000000
__Hspace_4                    (abs)        60000E
__Hstack                      stack        000000
__Hstruct                     struct       000000
__Htemp                       temp         000000
__Htext                       text         000000
__Htext0                      text0        000000
__Htext1                      text1        000000
__Htext10                     text10       000000
__Htext2                      text2        000000
__Htext3                      text3        000000
__Htext4                      text4        000000
__Htext5                      text5        000000
__Htext6                      text6        000000
__Htext7                      text7        000000
__Htext8                      text8        000000
__Htext9                      text9        000000
__LRAM                        (abs)        000001
__L__absolute__               __absolute__ 000000
__Labs1                       abs1         000000
__Lbank0                      bank0        000000
__Lbank1                      bank1        000000
__Lbank2                      bank2        000000
__Lbank3                      bank3        000000
__Lbank4                      bank4        000000
__Lbank5                      bank5        000000
__Lbigbss                     bigbss       000000
__Lbigdata                    bigdata      000000
__Lbigram                     bigram       000000
__Lbigsfr                     bigsfr       000000
__Lbss                        bss          000000
__Lcinit                      cinit        000000
__Lclrtext                    clrtext      000000
__Lcomram                     comram       000000
__Lconfig                     config       000000
__Lconst                      const        000000
__LcstackCOMRAM               cstackCOMRAM 000000
__Ldata                       data         000000
__Leeprom_data                eeprom_data  000000
__Lfarbss                     farbss       000000
__Lfardata                    fardata      000000
__Lheap                       heap         000000
__Libigdata                   ibigdata     000000
__Lidata                      idata        000000
__Lidloc                      idloc        000000
__Lifardata                   ifardata     000000
__Linit                       init         007FFC
__Lintcode                    intcode      000008
__Lintcode_body               intcode_body 000000
__Lintcodelo                  intcodelo    000018
__Lintentry                   intentry     000000
__Lintret                     intret       000000
__Lintsave_regs               intsave_regs 000000
__Lirdata                     irdata       000000
__Lmediumconst                mediumconst  007E0E
__LnvFARRAM                   nvFARRAM     000000
__Lnvbit                      nvbit        000000
__Lnvrram                     nvrram       000000
__Lparam                      rparam       000000
__Lpowerup                    powerup      000000
__Lram                        ram          000000
__Lramtop                     ramtop       000600
__Lrbit                       rbit         000000
__Lrbss                       rbss         000000
__Lrdata                      rdata        000000
__Lreset_vec                  reset_vec    000000
__Lrparam                     rparam       000000
__Lsfr                        sfr          000000
__Lsivt_hi                    sivt_hi      000000
__Lsivt_lo                    sivt_lo      000018
__Lsmallconst                 smallconst   000000
__Lspace_0                    (abs)        000000
__Lspace_1                    (abs)        000000
__Lspace_2                    (abs)        000000
__Lspace_4                    (abs)        000000
__Lstack                      stack        000000
__Lstruct                     struct       000000
__Ltemp                       temp         000000
__Ltext                       text         000000
__Ltext0                      text0        000000
__Ltext1                      text1        000000
__Ltext10                     text10       000000
__Ltext2                      text2        000000
__Ltext3                      text3        000000
__Ltext4                      text4        000000
__Ltext5                      text5        000000
__Ltext6                      text6        000000
__Ltext7                      text7        000000
__Ltext8                      text8        000000
__Ltext9                      text9        000000
__S0                          (abs)        008000
__S1                          (abs)        00001D
__S4                          (abs)        000000
__S5                          (abs)        000000
___heap_hi                    (abs)        000000
___heap_lo                    (abs)        000000
___inthi_sp                   stack        000000
___inthi_stack_hi             stack        000000
___inthi_stack_lo             stack        000000
___intlo_sp                   stack        000000
___intlo_stack_hi             stack        000000
___intlo_stack_lo             stack        000000
___param_bank                 (abs)        000000
___rparam_used                (abs)        000001
___sp                         stack        000000
___stack_hi                   stack        000000
___stack_lo                   stack        000000
__accesstop                   (abs)        000060
__activetblptr                (abs)        000002
__end_of_I2C_Hold             text9        007A9E
__end_of_I2C_Init             text10       007A12
__end_of_I2C_Start            text8        007A28
__end_of_I2C_Stop             text7        007A3E
__end_of_I2C_Write            text6        007A5A
__end_of_SSD1306_ClearScreen  text5        007B54
__end_of_SSD1306_Init         text3        007CFE
__end_of_SSD1306_String       text1        007E0E
__end_of_SSD1306_WriteCommand text4        007A78
__end_of_TEXT5x8              mediumconst  007FEF
__end_of__initialization      cinit        0079FA
__end_of_main                 text0        007C04
__end_of_memcpy               text2        007AE8
__initialization              cinit        0079FA
__mediumconst                 mediumconst  007E0E
__pcinit                      cinit        0079FA
__pcstackCOMRAM               cstackCOMRAM 000001
__pmediumconst                mediumconst  007E0E
__ptext0                      text0        007B54
__ptext1                      text1        007CFE
__ptext10                     text10       007A04
__ptext2                      text2        007A9E
__ptext3                      text3        007C04
__ptext4                      text4        007A5A
__ptext5                      text5        007AE8
__ptext6                      text6        007A3E
__ptext7                      text7        007A28
__ptext8                      text8        007A12
__ptext9                      text9        007A78
__ramtop                      ramtop       000600
__smallconst                  mediumconst  007E0E
_main                         text0        007B54
_memcpy                       text2        007A9E
end_of_initialization         cinit        0079FA
intlevel0                     text         000000
intlevel1                     text         000000
intlevel2                     text         000000
intlevel3                     text         000000
isa$std                       (abs)        000001
isa$xinst                     (abs)        000000
memcpy@d                      cstackCOMRAM 000009
memcpy@d1                     cstackCOMRAM 000001
memcpy@n                      cstackCOMRAM 000004
memcpy@s                      cstackCOMRAM 000006
memcpy@s1                     cstackCOMRAM 000002
memcpy@tmp                    cstackCOMRAM 000008
stackhi                       (abs)        000000
stacklo                       (abs)        000000
start                         init         007FFC
start_initialization          cinit        0079FA


MODULE INFORMATION

Module		Function		Class		Link	Load	Size
C:\Program Files\Microchip\xc8\v3.00\pic\sources\c99\common\memcpy.c
		_memcpy        		CODE           	7A9E	0000	74

C:\Program Files\Microchip\xc8\v3.00\pic\sources\c99\common\memcpy.c estimated size: 74

shared
		_TEXT5x8       		MEDIUMCONST    	7E0F	0000	480
		__initialization		CODE           	79FA	0000	1

shared estimated size: 481

./SSD1306.h
		_SSD1306_WriteCommand		CODE           	7A5A	0000	30
		_SSD1306_Init  		CODE           	7C04	0000	250
		_SSD1306_ClearScreen		CODE           	7AE8	0000	108
		_SSD1306_String		CODE           	7CFE	0000	272

./SSD1306.h estimated size: 660

./I2C.h
		_I2C_Write     		CODE           	7A3E	0000	28
		_I2C_Stop      		CODE           	7A28	0000	22
		_I2C_Init      		CODE           	7A04	0000	14
		_I2C_Hold      		CODE           	7A78	0000	38
		_I2C_Start     		CODE           	7A12	0000	22

./I2C.h estimated size: 124

main.c
		_main          		CODE           	7B54	0000	176

main.c estimated size: 176

