Microchip MPLAB XC8 Compiler V3.00

Linker command line:

-W-3 \
  --edf=C:\Program Files\Microchip\xc8\v3.00\pic\dat\20241204225717_en.msgs \
  -cn -h+dist/default/production\SSD1306.X.production.sym \
  --cmf=dist/default/production\SSD1306.X.production.cmf -z -Q18F4580 \
  -oC:\Users\sesha\AppData\Local\Temp\xcAsma8.\driver_tmp_3.o \
  --defsym=__MPLAB_BUILD=1 --fixupoverflow=error \
  -Mdist/default/production/SSD1306.X.production.map \
  --md=C:\Users\sesha\AppData\Local\Temp\xcAsma8.\driver_tmp_0.dat -E1 \
  -ver=XC8 Compiler -ACODE=00h-07FFFh -ACONST=00h-07FFFh \
  -ASMALLCONST=0600h-06FFhx122 -AMEDIUMCONST=0600h-07FFFh -ACOMRAM=01h-05Fh \
  -AABS1=00h-05FFh -ABIGRAM=01h-05FFh -ARAM=060h-0FFh,0100h-01FFhx5 \
  -ABANK0=060h-0FFh -ABANK1=0100h-01FFh -ABANK2=0200h-02FFh \
  -ABANK3=0300h-03FFh -ABANK4=0400h-04FFh -ABANK5=0500h-05FFh \
  -ASFR=0D00h-0DFFhx2,0F00h-0F5Fh,0F60h-0FFFh -ABIGSFR=0D00h-0FFFh \
  -ACONFIG=0300000h-030000Dh -AIDLOC=0200000h-0200007h \
  -AEEDATA=0F00000h-0F000FFh -peeprom_data=EEDATA \
  -preset_vec=00h,intcode=8h,intcodelo=18h,sivt_lo,sivt_hi=CODE \
  -ppowerup=CODE,init -pramtop=0600h -psmallconst=SMALLCONST \
  -pmediumconst=MEDIUMCONST -pconst=CONST -AFARRAM=00h-00h \
  -prdata=COMRAM,nvrram=COMRAM,nvbit=COMRAM,rbss=COMRAM,rbit=COMRAM \
  -pfarbss=FARRAM,fardata=FARRAM,nvFARRAM=FARRAM \
  -pintsave_regs=BIGRAM,bigbss=BIGRAM,bigdata=BIGRAM -pbss=RAM \
  -pidata=CODE,irdata=CODE,ibigdata=CODE,ifardata=CODE -prparam=COMRAM \
  C:\Users\sesha\AppData\Local\Temp\xcAsma8.\driver_tmp_9.o \
  dist/default/production\SSD1306.X.production.o 

Object code version is 3.11

Machine type is 18F4580



                Name                               Link     Load   Length Selector   Space Scale
C:\Users\sesha\AppData\Local\Temp\xcAsma8.\driver_tmp_9.o
                config                           300000   300000        E        0       4
                init                                  E        E        4        4       0
                reset_vec                             0        0        4        0       0
dist/default/production\SSD1306.X.production.o
                intcode                               8        8        6        4       0
                config                           300000   300000        E        0       4
                temp                                 2C       2C        1        1       1
                mediumconst                        7DFE     7DFE      202     3EFF       0
                text16                              5AE      5AE        A        4       0
                intcode_body                        546      546       18        4       0
                text14                              5A0      5A0        E        4       0
                text13                              4AE      4AE       26        4       0
                text12                              58A      58A       16        4       0
                text11                              574      574       16        4       0
                text10                              510      510       1C        4       0
                text9                               396      396       6C        4       0
                text8                               4F2      4F2       1E        4       0
                text7                               29C      29C       FA        4       0
                text6                               55E      55E       16        4       0
                text5                               44C      44C       36        4       0
                text4                               4D4      4D4       1E        4       0
                text3                               402      402       4A        4       0
                text2                                12       12      154        4       0
                text1                               482      482       2C        4       0
                text0                               166      166      136        4       0
                cstackCOMRAM                          1        1       25        1       1
                bssCOMRAM                            26       26        6        1       1
                cinit                               52C      52C       1A        4       0

TOTAL           Name                               Link     Load   Length     Space
        CLASS   CODE           
                intcode                               8        8        6         0
                init                                  E        E        4         0
                reset_vec                             0        0        4         0
                text16                              5AE      5AE        A         0
                intcode_body                        546      546       18         0
                text14                              5A0      5A0        E         0
                text13                              4AE      4AE       26         0
                text12                              58A      58A       16         0
                text11                              574      574       16         0
                text10                              510      510       1C         0
                text9                               396      396       6C         0
                text8                               4F2      4F2       1E         0
                text7                               29C      29C       FA         0
                text6                               55E      55E       16         0
                text5                               44C      44C       36         0
                text4                               4D4      4D4       1E         0
                text3                               402      402       4A         0
                text2                                12       12      154         0
                text1                               482      482       2C         0
                text0                               166      166      136         0
                cinit                               52C      52C       1A         0

        CLASS   CONST          

        CLASS   SMALLCONST     

        CLASS   MEDIUMCONST    
                mediumconst                        7DFE     7DFE      202         0

        CLASS   COMRAM         
                temp                                 2C       2C        1         1
                cstackCOMRAM                          1        1       25         1
                bssCOMRAM                            26       26        6         1

        CLASS   ABS1           

        CLASS   BIGRAM         

        CLASS   RAM            

        CLASS   BANK0          

        CLASS   BANK1          

        CLASS   BANK2          

        CLASS   BANK3          

        CLASS   BANK4          

        CLASS   BANK5          

        CLASS   SFR            

        CLASS   BIGSFR         

        CLASS   CONFIG         
                config                           300000   300000        E         4

        CLASS   IDLOC          

        CLASS   EEDATA         

        CLASS   FARRAM         

        CLASS   HEAP           

        CLASS   STACK          



SEGMENTS        Name                           Load    Length   Top    Selector   Space  Class

                reset_vec                      000000  000004  000004         0       0  CODE    
                cstackCOMRAM                   000001  00002C  00002D         1       1  COMRAM  
                intcode                        000008  0005B0  0005B8         4       0  CODE    
                mediumconst                    007DFE  000202  008000      3EFF       0  MEDIUMCO


UNUSED ADDRESS RANGES

        Name                Unused          Largest block    Delta
        BANK0            000060-0000FF               A0
        BANK1            000100-0001FF              100
        BANK2            000200-0002FF              100
        BANK3            000300-0003FF              100
        BANK4            000400-0004FF              100
        BANK5            000500-0005FF              100
        BIGRAM           00002D-0005FF              5D3
        BIGSFR           000D00-000FFF              300
        CODE             000004-000007                4
                         0005B8-007DFD             7846
        COMRAM           00002D-00005F               33
        CONST            000004-000007                4
                         0005B8-007DFD             7846
        EEDATA           F00000-F000FF              100
        IDLOC            200000-200007                8
        MEDIUMCONST      000600-007DFD             77FE
        RAM              000060-0005FF              100
        SFR              000D00-000FFF              100
        SMALLCONST       000600-007DFD              100

                                  Symbol Table

I2C_Write@data                      cstackCOMRAM 000002
SSD1306_ClearScreen@i               cstackCOMRAM 000003
SSD1306_ClearScreen@j               cstackCOMRAM 000005
SSD1306_String@a                    cstackCOMRAM 000018
SSD1306_String@data                 cstackCOMRAM 00000A
SSD1306_String@i                    cstackCOMRAM 00001A
SSD1306_String@pixData              cstackCOMRAM 000013
SSD1306_WriteCommand@cmd            cstackCOMRAM 000003
SendByte@ch                         cstackCOMRAM 000001
SendString@str                      cstackCOMRAM 000002
UpdateScreen@command                cstackCOMRAM 00001C
UpdateScreen@printVar               cstackCOMRAM 00001D
_BRG16                              (abs)        007DC3
_BRGH                               (abs)        007D62
_CREN                               (abs)        007D5C
_EUSART_Rx_InterruptHandler         text16       0005AE
_I2C_Hold                           text13       0004AE
_I2C_Init                           text14       0005A0
_I2C_Start                          text12       00058A
_I2C_Stop                           text11       000574
_I2C_Write                          text10       000510
_INTCONbits                         (abs)        000FF2
_LATDbits                           (abs)        000F8C
_OSCCON                             (abs)        000FD3
_PEN                                (abs)        007E2A
_PIE1bits                           (abs)        000F9D
_PIR1bits                           (abs)        000F9E
_RCIF                               (abs)        007CF5
_RCREG                              (abs)        000FAE
_RX9                                (abs)        007D5E
_SEN                                (abs)        007E28
_SPBRG                              (abs)        000FAF
_SPBRGH                             (abs)        000FB0
_SPEN                               (abs)        007D5F
_SSD1306_ClearScreen                text9        000396
_SSD1306_Init                       text7        00029C
_SSD1306_String                     text2        000012
_SSD1306_WriteCommand               text8        0004F2
_SSPADD                             (abs)        000FC8
_SSPBUF                             (abs)        000FC9
_SSPCON1                            (abs)        000FC6
_SSPCON2                            (abs)        000FC5
_SSPIF                              (abs)        007CF3
_SSPSTAT                            (abs)        000FC7
_SYNC                               (abs)        007D64
_SendByte                           text6        00055E
_SendString                         text5        00044C
_TEXT5x8                            mediumconst  007DFF
_TRISC                              (abs)        000F94
_TRISCbits                          (abs)        000F94
_TRISD                              (abs)        000F95
_TX9                                (abs)        007D66
_TXEN                               (abs)        007D65
_TXIF                               (abs)        007CF4
_TXREG                              (abs)        000FAD
_USART_Init                         text4        0004D4
_UpdateScreen                       text1        000482
__HRAM                              (abs)        000000
__H__absolute__                     __absolute__ 000000
__Habs1                             abs1         000000
__Hbank0                            bank0        000000
__Hbank1                            bank1        000000
__Hbank2                            bank2        000000
__Hbank3                            bank3        000000
__Hbank4                            bank4        000000
__Hbank5                            bank5        000000
__Hbigbss                           bigbss       000000
__Hbigdata                          bigdata      000000
__Hbigram                           bigram       000000
__Hbigsfr                           bigsfr       000000
__Hbss                              bss          000000
__HbssCOMRAM                        bssCOMRAM    000000
__Hcinit                            cinit        000000
__Hclrtext                          clrtext      000000
__Hcomram                           comram       000000
__Hconfig                           config       30000E
__Hconst                            const        000000
__HcstackCOMRAM                     cstackCOMRAM 000000
__Hdata                             data         000000
__Heeprom_data                      eeprom_data  000000
__Hfarbss                           farbss       000000
__Hfardata                          fardata      000000
__Hheap                             heap         000000
__Hibigdata                         ibigdata     000000
__Hidata                            idata        000000
__Hidloc                            idloc        000000
__Hifardata                         ifardata     000000
__Hinit                             init         000012
__Hintcode                          intcode      00000E
__Hintcode_body                     intcode_body 000000
__Hintcodelo                        intcodelo    000018
__Hintentry                         intentry     000000
__Hintret                           intret       000000
__Hintsave_regs                     intsave_regs 000000
__Hirdata                           irdata       000000
__Hmediumconst                      mediumconst  008000
__HnvFARRAM                         nvFARRAM     000000
__Hnvbit                            nvbit        000000
__Hnvrram                           nvrram       000000
__Hparam                            rparam       000000
__Hpowerup                          powerup      000000
__Hram                              ram          000000
__Hramtop                           ramtop       000600
__Hrbit                             rbit         000000
__Hrbss                             rbss         000000
__Hrdata                            rdata        000000
__Hreset_vec                        reset_vec    000004
__Hrparam                           rparam       000000
__Hsfr                              sfr          000000
__Hsivt_hi                          sivt_hi      000000
__Hsivt_lo                          sivt_lo      000018
__Hsmallconst                       smallconst   000000
__Hspace_0                          (abs)        008000
__Hspace_1                          (abs)        00002D
__Hspace_2                          (abs)        000000
__Hspace_4                          (abs)        60000E
__Hstack                            stack        000000
__Hstruct                           struct       000000
__Htemp                             temp         00002D
__Htext                             text         000000
__Htext0                            text0        000000
__Htext1                            text1        000000
__Htext10                           text10       000000
__Htext11                           text11       000000
__Htext12                           text12       000000
__Htext13                           text13       000000
__Htext14                           text14       000000
__Htext16                           text16       000000
__Htext2                            text2        000000
__Htext3                            text3        000000
__Htext4                            text4        000000
__Htext5                            text5        000000
__Htext6                            text6        000000
__Htext7                            text7        000000
__Htext8                            text8        000000
__Htext9                            text9        000000
__ISR                               intcode      000008
__LRAM                              (abs)        000001
__L__absolute__                     __absolute__ 000000
__Labs1                             abs1         000000
__Lbank0                            bank0        000000
__Lbank1                            bank1        000000
__Lbank2                            bank2        000000
__Lbank3                            bank3        000000
__Lbank4                            bank4        000000
__Lbank5                            bank5        000000
__Lbigbss                           bigbss       000000
__Lbigdata                          bigdata      000000
__Lbigram                           bigram       000000
__Lbigsfr                           bigsfr       000000
__Lbss                              bss          000000
__LbssCOMRAM                        bssCOMRAM    000000
__Lcinit                            cinit        000000
__Lclrtext                          clrtext      000000
__Lcomram                           comram       000000
__Lconfig                           config       000000
__Lconst                            const        000000
__LcstackCOMRAM                     cstackCOMRAM 000000
__Ldata                             data         000000
__Leeprom_data                      eeprom_data  000000
__Lfarbss                           farbss       000000
__Lfardata                          fardata      000000
__Lheap                             heap         000000
__Libigdata                         ibigdata     000000
__Lidata                            idata        000000
__Lidloc                            idloc        000000
__Lifardata                         ifardata     000000
__Linit                             init         00000E
__Lintcode                          intcode      000008
__Lintcode_body                     intcode_body 000000
__Lintcodelo                        intcodelo    000018
__Lintentry                         intentry     000000
__Lintret                           intret       000000
__Lintsave_regs                     intsave_regs 000000
__Lirdata                           irdata       000000
__Lmediumconst                      mediumconst  007DFE
__LnvFARRAM                         nvFARRAM     000000
__Lnvbit                            nvbit        000000
__Lnvrram                           nvrram       000000
__Lparam                            rparam       000000
__Lpowerup                          powerup      000000
__Lram                              ram          000000
__Lramtop                           ramtop       000600
__Lrbit                             rbit         000000
__Lrbss                             rbss         000000
__Lrdata                            rdata        000000
__Lreset_vec                        reset_vec    000000
__Lrparam                           rparam       000000
__Lsfr                              sfr          000000
__Lsivt_hi                          sivt_hi      000000
__Lsivt_lo                          sivt_lo      000018
__Lsmallconst                       smallconst   000000
__Lspace_0                          (abs)        000000
__Lspace_1                          (abs)        000000
__Lspace_2                          (abs)        000000
__Lspace_4                          (abs)        000000
__Lstack                            stack        000000
__Lstruct                           struct       000000
__Ltemp                             temp         00002C
__Ltext                             text         000000
__Ltext0                            text0        000000
__Ltext1                            text1        000000
__Ltext10                           text10       000000
__Ltext11                           text11       000000
__Ltext12                           text12       000000
__Ltext13                           text13       000000
__Ltext14                           text14       000000
__Ltext16                           text16       000000
__Ltext2                            text2        000000
__Ltext3                            text3        000000
__Ltext4                            text4        000000
__Ltext5                            text5        000000
__Ltext6                            text6        000000
__Ltext7                            text7        000000
__Ltext8                            text8        000000
__Ltext9                            text9        000000
__S0                                (abs)        008000
__S1                                (abs)        00002D
__S4                                (abs)        000000
__S5                                (abs)        000000
___heap_hi                          (abs)        000000
___heap_lo                          (abs)        000000
___inthi_sp                         stack        000000
___inthi_stack_hi                   stack        000000
___inthi_stack_lo                   stack        000000
___intlo_sp                         stack        000000
___intlo_stack_hi                   stack        000000
___intlo_stack_lo                   stack        000000
___param_bank                       (abs)        000000
___rparam_used                      (abs)        000001
___sp                               stack        000000
___stack_hi                         stack        000000
___stack_lo                         stack        000000
__accesstop                         (abs)        000060
__activetblptr                      (abs)        000002
__end_of_EUSART_Rx_InterruptHandler text16       0005B8
__end_of_I2C_Hold                   text13       0004D4
__end_of_I2C_Init                   text14       0005AE
__end_of_I2C_Start                  text12       0005A0
__end_of_I2C_Stop                   text11       00058A
__end_of_I2C_Write                  text10       00052C
__end_of_SSD1306_ClearScreen        text9        000402
__end_of_SSD1306_Init               text7        000396
__end_of_SSD1306_String             text2        000166
__end_of_SSD1306_WriteCommand       text8        000510
__end_of_SendByte                   text6        000574
__end_of_SendString                 text5        000482
__end_of_TEXT5x8                    mediumconst  007FDF
__end_of_USART_Init                 text4        0004F2
__end_of_UpdateScreen               text1        0004AE
__end_of__ISR                       intcode_body 00055E
__end_of__initialization            cinit        000538
__end_of_main                       text0        00029C
__end_of_memcpy                     text3        00044C
__initialization                    cinit        00052C
__mediumconst                       mediumconst  007DFE
__pbssCOMRAM                        bssCOMRAM    000026
__pcinit                            cinit        00052C
__pcstackCOMRAM                     cstackCOMRAM 000001
__pintcode                          intcode      000008
__pintcode_body                     intcode_body 000546
__pmediumconst                      mediumconst  007DFE
__ptext0                            text0        000166
__ptext1                            text1        000482
__ptext10                           text10       000510
__ptext11                           text11       000574
__ptext12                           text12       00058A
__ptext13                           text13       0004AE
__ptext14                           text14       0005A0
__ptext16                           text16       0005AE
__ptext2                            text2        000012
__ptext3                            text3        000402
__ptext4                            text4        0004D4
__ptext5                            text5        00044C
__ptext6                            text6        00055E
__ptext7                            text7        00029C
__ptext8                            text8        0004F2
__ptext9                            text9        000396
__ramtop                            ramtop       000600
__smallconst                        mediumconst  007DFE
_main                               text0        000166
_memcpy                             text3        000402
_rxData                             bssCOMRAM    00002B
_rxFlag                             bssCOMRAM    00002A
btemp                               temp         00002C
end_of_initialization               cinit        000538
int$flags                           temp         00002C
int_func                            intcode_body 000546
intlevel0                           text         000000
intlevel1                           text         000000
intlevel2                           text         000000
intlevel3                           text         000000
isa$std                             (abs)        000001
isa$xinst                           (abs)        000000
main@cmd                            cstackCOMRAM 000025
main@oldCmd                         cstackCOMRAM 000024
main@updateScn                      cstackCOMRAM 000023
memcpy@d                            cstackCOMRAM 000009
memcpy@d1                           cstackCOMRAM 000001
memcpy@n                            cstackCOMRAM 000004
memcpy@s                            cstackCOMRAM 000006
memcpy@s1                           cstackCOMRAM 000002
memcpy@tmp                          cstackCOMRAM 000008
stackhi                             (abs)        000000
stacklo                             (abs)        000000
start                               init         00000E
start_initialization                cinit        00052C
ttemp5                              temp         00002D
ttemp6                              temp         000030
ttemp7                              temp         000034
wtemp8                              temp         00002D


MODULE INFORMATION

Module		Function		Class		Link	Load	Size
C:\Program Files\Microchip\xc8\v3.00\pic\sources\c99\common\memcpy.c
		_memcpy        		CODE           	0402	0000	74

C:\Program Files\Microchip\xc8\v3.00\pic\sources\c99\common\memcpy.c estimated size: 74

shared
		_TEXT5x8       		MEDIUMCONST    	7DFF	0000	480
		__initialization		CODE           	052C	0000	12

shared estimated size: 492

./SSD1306.h
		_SSD1306_WriteCommand		CODE           	04F2	0000	30
		_SSD1306_Init  		CODE           	029C	0000	250
		_SSD1306_ClearScreen		CODE           	0396	0000	108
		_SSD1306_String		CODE           	0012	0000	340

./SSD1306.h estimated size: 728

./I2C.h
		_I2C_Write     		CODE           	0510	0000	28
		_I2C_Stop      		CODE           	0574	0000	22
		_I2C_Init      		CODE           	05A0	0000	14
		_I2C_Hold      		CODE           	04AE	0000	38
		_I2C_Start     		CODE           	058A	0000	22

./I2C.h estimated size: 124

./EUSART.h
		_SendString    		CODE           	044C	0000	54
		_SendByte      		CODE           	055E	0000	22
		_EUSART_Rx_InterruptHandler		CODE           	05AE	0000	10
		_USART_Init    		CODE           	04D4	0000	30

./EUSART.h estimated size: 116

main.c
		__ISR          		CODE           	0008	0000	30
		_main          		CODE           	0166	0000	310
		_UpdateScreen  		CODE           	0482	0000	44

main.c estimated size: 384

