Microchip MPLAB XC8 Compiler V3.00

Linker command line:

-W-3 \
  --edf=C:\Program Files\Microchip\xc8\v3.00\pic\dat\20241204225717_en.msgs \
  -cn -h+dist/default/production\SSD1306.X.production.sym \
  --cmf=dist/default/production\SSD1306.X.production.cmf -z -Q18F4580 \
  -oC:\Users\sesha\AppData\Local\Temp\xcAs7u4.\driver_tmp_3.o \
  --defsym=__MPLAB_BUILD=1 --fixupoverflow=error \
  -Mdist/default/production/SSD1306.X.production.map \
  --md=C:\Users\sesha\AppData\Local\Temp\xcAs7u4.\driver_tmp_0.dat -E1 \
  -ver=XC8 Compiler -ACODE=00h-07FFFh -ACONST=00h-07FFFh \
  -ASMALLCONST=0600h-06FFhx122 -AMEDIUMCONST=0600h-07FFFh -ACOMRAM=01h-05Fh \
  -AABS1=00h-05FFh -ABIGRAM=01h-05FFh -ARAM=060h-0FFh,0100h-01FFhx5 \
  -ABANK0=060h-0FFh -ABANK1=0100h-01FFh -ABANK2=0200h-02FFh \
  -ABANK3=0300h-03FFh -ABANK4=0400h-04FFh -ABANK5=0500h-05FFh \
  -ASFR=0D00h-0DFFhx2,0F00h-0F5Fh,0F60h-0FFFh -ABIGSFR=0D00h-0FFFh \
  -ACONFIG=0300000h-030000Dh -AIDLOC=0200000h-0200007h \
  -AEEDATA=0F00000h-0F000FFh -peeprom_data=EEDATA \
  -preset_vec=00h,intcode=8h,intcodelo=18h,sivt_lo,sivt_hi=CODE \
  -ppowerup=CODE,init -pramtop=0600h -psmallconst=SMALLCONST \
  -pmediumconst=MEDIUMCONST -pconst=CONST -AFARRAM=00h-00h \
  -prdata=COMRAM,nvrram=COMRAM,nvbit=COMRAM,rbss=COMRAM,rbit=COMRAM \
  -pfarbss=FARRAM,fardata=FARRAM,nvFARRAM=FARRAM \
  -pintsave_regs=BIGRAM,bigbss=BIGRAM,bigdata=BIGRAM -pbss=RAM \
  -pidata=CODE,irdata=CODE,ibigdata=CODE,ifardata=CODE -prparam=COMRAM \
  C:\Users\sesha\AppData\Local\Temp\xcAs7u4.\driver_tmp_14.o \
  dist/default/production\SSD1306.X.production.o 

Object code version is 3.11

Machine type is 18F4580



                Name                               Link     Load   Length Selector   Space Scale
C:\Users\sesha\AppData\Local\Temp\xcAs7u4.\driver_tmp_14.o
                config                           300000   300000        E        0       4
                init                                  E        E        4        4       0
                reset_vec                             0        0        4        0       0
dist/default/production\SSD1306.X.production.o
                intcode                               8        8        6        4       0
                config                           300000   300000        E        0       4
                temp                                 4C       4C        1        1       1
                mediumconst                        7E16     7E16      1EA     3F0B       0
                text34                             166C     166C        A        4       0
                intcode_body                       13CC     13CC       52        4       0
                text32                               12       12      426        4       0
                text31                              BC8      BC8      106        4       0
                text30                              438      438      1B4        4       0
                text29                              F7A      F7A       B0        4       0
                text28                             165E     165E        E        4       0
                text27                             159E     159E       26        4       0
                text26                             1648     1648       16        4       0
                text25                             1632     1632       16        4       0
                text24                             1600     1600       1C        4       0
                text23                             15E2     15E2       1E        4       0
                text22                              CCE      CCE       FA        4       0
                text21                             15C4     15C4       1E        4       0
                text20                             1292     1292       6C        4       0
                text19                             14AA     14AA       3A        4       0
                text18                             141E     141E       4A        4       0
                text17                              DC8      DC8       E8        4       0
                text16                             161C     161C       16        4       0
                text15                             154E     154E       2A        4       0
                text14                             121E     121E       74        4       0
                text13                             1368     1368       64        4       0
                text12                             1676     1676        2        4       0
                text11                             102A     102A       AA        4       0
                text10                              790      790      186        4       0
                text9                              1468     1468       42        4       0
                text8                              14E4     14E4       38        4       0
                text7                              151C     151C       32        4       0
                text6                              117A     117A       A4        4       0
                text5                              12FE     12FE       6A        4       0
                text4                               5EC      5EC      1A4        4       0
                text3                               EB0      EB0       CA        4       0
                text2                              10D4     10D4       A6        4       0
                text1                               A8C      A8C      13C        4       0
                text0                               916      916      176        4       0
                cstackCOMRAM                          1        1       40        1       1
                bssBANK0                             60       60       20       60       1
                bssCOMRAM                            41       41        B        1       1
                cinit                              1578     1578       26        4       0

TOTAL           Name                               Link     Load   Length     Space
        CLASS   CODE           
                intcode                               8        8        6         0
                init                                  E        E        4         0
                reset_vec                             0        0        4         0
                text34                             166C     166C        A         0
                intcode_body                       13CC     13CC       52         0
                text32                               12       12      426         0
                text31                              BC8      BC8      106         0
                text30                              438      438      1B4         0
                text29                              F7A      F7A       B0         0
                text28                             165E     165E        E         0
                text27                             159E     159E       26         0
                text26                             1648     1648       16         0
                text25                             1632     1632       16         0
                text24                             1600     1600       1C         0
                text23                             15E2     15E2       1E         0
                text22                              CCE      CCE       FA         0
                text21                             15C4     15C4       1E         0
                text20                             1292     1292       6C         0
                text19                             14AA     14AA       3A         0
                text18                             141E     141E       4A         0
                text17                              DC8      DC8       E8         0
                text16                             161C     161C       16         0
                text15                             154E     154E       2A         0
                text14                             121E     121E       74         0
                text13                             1368     1368       64         0
                text12                             1676     1676        2         0
                text11                             102A     102A       AA         0
                text10                              790      790      186         0
                text9                              1468     1468       42         0
                text8                              14E4     14E4       38         0
                text7                              151C     151C       32         0
                text6                              117A     117A       A4         0
                text5                              12FE     12FE       6A         0
                text4                               5EC      5EC      1A4         0
                text3                               EB0      EB0       CA         0
                text2                              10D4     10D4       A6         0
                text1                               A8C      A8C      13C         0
                text0                               916      916      176         0
                cinit                              1578     1578       26         0

        CLASS   CONST          

        CLASS   SMALLCONST     

        CLASS   MEDIUMCONST    
                mediumconst                        7E16     7E16      1EA         0

        CLASS   COMRAM         
                temp                                 4C       4C        1         1
                cstackCOMRAM                          1        1       40         1
                bssCOMRAM                            41       41        B         1

        CLASS   ABS1           

        CLASS   BIGRAM         

        CLASS   RAM            

        CLASS   BANK0          
                bssBANK0                             60       60       20         1

        CLASS   BANK1          

        CLASS   BANK2          

        CLASS   BANK3          

        CLASS   BANK4          

        CLASS   BANK5          

        CLASS   SFR            

        CLASS   BIGSFR         

        CLASS   CONFIG         
                config                           300000   300000        E         4

        CLASS   IDLOC          

        CLASS   EEDATA         

        CLASS   FARRAM         

        CLASS   HEAP           

        CLASS   STACK          



SEGMENTS        Name                           Load    Length   Top    Selector   Space  Class

                reset_vec                      000000  000004  000004         0       0  CODE    
                cstackCOMRAM                   000001  00004C  00004D         1       1  COMRAM  
                intcode                        000008  001670  001678         4       0  CODE    
                bssBANK0                       000060  000020  000080        60       1  BANK0   
                mediumconst                    007E16  0001EA  008000      3F0B       0  MEDIUMCO


UNUSED ADDRESS RANGES

        Name                Unused          Largest block    Delta
        BANK0            000080-0000FF               80
        BANK1            000100-0001FF              100
        BANK2            000200-0002FF              100
        BANK3            000300-0003FF              100
        BANK4            000400-0004FF              100
        BANK5            000500-0005FF              100
        BIGRAM           00004D-00005F               13
                         000080-0005FF              580
        BIGSFR           000D00-000FFF              300
        CODE             000004-000007                4
                         001678-007E15             679E
        COMRAM           00004D-00005F               13
        CONST            000004-000007                4
                         001678-007E15             679E
        EEDATA           F00000-F000FF              100
        IDLOC            200000-200007                8
        MEDIUMCONST      001678-007E15             679E
        RAM              000080-0005FF              100
        SFR              000D00-000FFF              100
        SMALLCONST       001678-007E15              100

                                  Symbol Table

?_GetDistance                       cstackCOMRAM 000032
?___flmul                           cstackCOMRAM 00000F
?___fltol                           cstackCOMRAM 000028
?___lldiv                           cstackCOMRAM 00000D
?___lmul                            cstackCOMRAM 000001
?___lwdiv                           cstackCOMRAM 000001
?___lwmod                           cstackCOMRAM 000001
?___xxtofl                          cstackCOMRAM 000001
?_sprintf                           cstackCOMRAM 00001B
?_vfprintf                          cstackCOMRAM 000015
GetDistance@distance_cm             cstackCOMRAM 000036
GetDistance@pulseWidth              cstackCOMRAM 000038
I2C_Write@data                      cstackCOMRAM 000002
SSD1306_ClearScreen@i               cstackCOMRAM 000003
SSD1306_ClearScreen@j               cstackCOMRAM 000005
SSD1306_String@a                    cstackCOMRAM 000015
SSD1306_String@data                 cstackCOMRAM 00000A
SSD1306_String@i                    cstackCOMRAM 000017
SSD1306_String@pixData              cstackCOMRAM 000010
SSD1306_WriteCommand@cmd            cstackCOMRAM 000003
SendByte@ch                         cstackCOMRAM 000001
SendString@str                      cstackCOMRAM 000002
UpdateScreen@a                      cstackCOMRAM 00002E
UpdateScreen@dist                   cstackCOMRAM 00002C
_ADCON1                             (abs)        000FC1
_BRG16                              (abs)        007DC3
_BRGH                               (abs)        007D62
_CMCON                              (abs)        000FB4
_CREN                               (abs)        007D5C
_EUSART_Rx_InterruptHandler         text34       00166C
_GetDistance                        text29       000F7A
_I2C_Hold                           text27       00159E
_I2C_Init                           text28       00165E
_I2C_Start                          text26       001648
_I2C_Stop                           text25       001632
_I2C_Write                          text24       001600
_INTCONbits                         (abs)        000FF2
_LATDbits                           (abs)        000F8C
_OSCCON                             (abs)        000FD3
_PEN                                (abs)        007E2A
_PIE1bits                           (abs)        000F9D
_PIR1bits                           (abs)        000F9E
_PORTDbits                          (abs)        000F83
_PR2                                (abs)        000FCB
_RCIF                               (abs)        007CF5
_RCREG                              (abs)        000FAE
_RX9                                (abs)        007D5E
_SEN                                (abs)        007E28
_SPBRG                              (abs)        000FAF
_SPBRGH                             (abs)        000FB0
_SPEN                               (abs)        007D5F
_SSD1306_ClearScreen                text20       001292
_SSD1306_GotoStart                  text19       0014AA
_SSD1306_Init                       text22       000CCE
_SSD1306_String                     text17       000DC8
_SSD1306_WriteCommand               text23       0015E2
_SSPADD                             (abs)        000FC8
_SSPBUF                             (abs)        000FC9
_SSPCON1                            (abs)        000FC6
_SSPCON2                            (abs)        000FC5
_SSPIF                              (abs)        007CF3
_SSPSTAT                            (abs)        000FC7
_SYNC                               (abs)        007D64
_SendByte                           text16       00161C
_SendString                         text15       00154E
_T1CON                              (abs)        000FCD
_T1CONbits                          (abs)        000FCD
_T2CON                              (abs)        000FCA
_T2CONbits                          (abs)        000FCA
_TEXT5x8                            mediumconst  007E17
_TMR1H                              (abs)        000FCF
_TMR1L                              (abs)        000FCE
_TMR2                               (abs)        000FCC
_TRISC                              (abs)        000F94
_TRISCbits                          (abs)        000F94
_TRISD                              (abs)        000F95
_TRISDbits                          (abs)        000F95
_TX9                                (abs)        007D66
_TXEN                               (abs)        007D65
_TXIF                               (abs)        007CF4
_TXREG                              (abs)        000FAD
_USART_Init                         text21       0015C4
_UpdateScreen                       text7        00151C
__HRAM                              (abs)        000000
__H__absolute__                     __absolute__ 000000
__Habs1                             abs1         000000
__Hbank0                            bank0        000000
__Hbank1                            bank1        000000
__Hbank2                            bank2        000000
__Hbank3                            bank3        000000
__Hbank4                            bank4        000000
__Hbank5                            bank5        000000
__Hbigbss                           bigbss       000000
__Hbigdata                          bigdata      000000
__Hbigram                           bigram       000000
__Hbigsfr                           bigsfr       000000
__Hbss                              bss          000000
__HbssBANK0                         bssBANK0     000000
__HbssCOMRAM                        bssCOMRAM    000000
__Hcinit                            cinit        000000
__Hclrtext                          clrtext      000000
__Hcomram                           comram       000000
__Hconfig                           config       30000E
__Hconst                            const        000000
__HcstackCOMRAM                     cstackCOMRAM 000000
__Hdata                             data         000000
__Heeprom_data                      eeprom_data  000000
__Hfarbss                           farbss       000000
__Hfardata                          fardata      000000
__Hheap                             heap         000000
__Hibigdata                         ibigdata     000000
__Hidata                            idata        000000
__Hidloc                            idloc        000000
__Hifardata                         ifardata     000000
__Hinit                             init         000012
__Hintcode                          intcode      00000E
__Hintcode_body                     intcode_body 000000
__Hintcodelo                        intcodelo    000018
__Hintentry                         intentry     000000
__Hintret                           intret       000000
__Hintsave_regs                     intsave_regs 000000
__Hirdata                           irdata       000000
__Hmediumconst                      mediumconst  008000
__HnvFARRAM                         nvFARRAM     000000
__Hnvbit                            nvbit        000000
__Hnvrram                           nvrram       000000
__Hparam                            rparam       000000
__Hpowerup                          powerup      000000
__Hram                              ram          000000
__Hramtop                           ramtop       000600
__Hrbit                             rbit         000000
__Hrbss                             rbss         000000
__Hrdata                            rdata        000000
__Hreset_vec                        reset_vec    000004
__Hrparam                           rparam       000000
__Hsfr                              sfr          000000
__Hsivt_hi                          sivt_hi      000000
__Hsivt_lo                          sivt_lo      000018
__Hsmallconst                       smallconst   000000
__Hspace_0                          (abs)        008000
__Hspace_1                          (abs)        000080
__Hspace_2                          (abs)        000000
__Hspace_4                          (abs)        60000E
__Hstack                            stack        000000
__Hstruct                           struct       000000
__Htemp                             temp         00004D
__Htext                             text         000000
__Htext0                            text0        000000
__Htext1                            text1        000000
__Htext10                           text10       000000
__Htext11                           text11       000000
__Htext12                           text12       000000
__Htext13                           text13       000000
__Htext14                           text14       000000
__Htext15                           text15       000000
__Htext16                           text16       000000
__Htext17                           text17       000000
__Htext18                           text18       000000
__Htext19                           text19       000000
__Htext2                            text2        000000
__Htext20                           text20       000000
__Htext21                           text21       000000
__Htext22                           text22       000000
__Htext23                           text23       000000
__Htext24                           text24       000000
__Htext25                           text25       000000
__Htext26                           text26       000000
__Htext27                           text27       000000
__Htext28                           text28       000000
__Htext29                           text29       000000
__Htext3                            text3        000000
__Htext30                           text30       000000
__Htext31                           text31       000000
__Htext32                           text32       000000
__Htext34                           text34       000000
__Htext4                            text4        000000
__Htext5                            text5        000000
__Htext6                            text6        000000
__Htext7                            text7        000000
__Htext8                            text8        000000
__Htext9                            text9        000000
__ISR                               intcode      000008
__LRAM                              (abs)        000001
__L__absolute__                     __absolute__ 000000
__Labs1                             abs1         000000
__Lbank0                            bank0        000000
__Lbank1                            bank1        000000
__Lbank2                            bank2        000000
__Lbank3                            bank3        000000
__Lbank4                            bank4        000000
__Lbank5                            bank5        000000
__Lbigbss                           bigbss       000000
__Lbigdata                          bigdata      000000
__Lbigram                           bigram       000000
__Lbigsfr                           bigsfr       000000
__Lbss                              bss          000000
__LbssBANK0                         bssBANK0     000000
__LbssCOMRAM                        bssCOMRAM    000000
__Lcinit                            cinit        000000
__Lclrtext                          clrtext      000000
__Lcomram                           comram       000000
__Lconfig                           config       000000
__Lconst                            const        000000
__LcstackCOMRAM                     cstackCOMRAM 000000
__Ldata                             data         000000
__Leeprom_data                      eeprom_data  000000
__Lfarbss                           farbss       000000
__Lfardata                          fardata      000000
__Lheap                             heap         000000
__Libigdata                         ibigdata     000000
__Lidata                            idata        000000
__Lidloc                            idloc        000000
__Lifardata                         ifardata     000000
__Linit                             init         00000E
__Lintcode                          intcode      000008
__Lintcode_body                     intcode_body 000000
__Lintcodelo                        intcodelo    000018
__Lintentry                         intentry     000000
__Lintret                           intret       000000
__Lintsave_regs                     intsave_regs 000000
__Lirdata                           irdata       000000
__Lmediumconst                      mediumconst  007E16
__LnvFARRAM                         nvFARRAM     000000
__Lnvbit                            nvbit        000000
__Lnvrram                           nvrram       000000
__Lparam                            rparam       000000
__Lpowerup                          powerup      000000
__Lram                              ram          000000
__Lramtop                           ramtop       000600
__Lrbit                             rbit         000000
__Lrbss                             rbss         000000
__Lrdata                            rdata        000000
__Lreset_vec                        reset_vec    000000
__Lrparam                           rparam       000000
__Lsfr                              sfr          000000
__Lsivt_hi                          sivt_hi      000000
__Lsivt_lo                          sivt_lo      000018
__Lsmallconst                       smallconst   000000
__Lspace_0                          (abs)        000000
__Lspace_1                          (abs)        000000
__Lspace_2                          (abs)        000000
__Lspace_4                          (abs)        000000
__Lstack                            stack        000000
__Lstruct                           struct       000000
__Ltemp                             temp         00004C
__Ltext                             text         000000
__Ltext0                            text0        000000
__Ltext1                            text1        000000
__Ltext10                           text10       000000
__Ltext11                           text11       000000
__Ltext12                           text12       000000
__Ltext13                           text13       000000
__Ltext14                           text14       000000
__Ltext15                           text15       000000
__Ltext16                           text16       000000
__Ltext17                           text17       000000
__Ltext18                           text18       000000
__Ltext19                           text19       000000
__Ltext2                            text2        000000
__Ltext20                           text20       000000
__Ltext21                           text21       000000
__Ltext22                           text22       000000
__Ltext23                           text23       000000
__Ltext24                           text24       000000
__Ltext25                           text25       000000
__Ltext26                           text26       000000
__Ltext27                           text27       000000
__Ltext28                           text28       000000
__Ltext29                           text29       000000
__Ltext3                            text3        000000
__Ltext30                           text30       000000
__Ltext31                           text31       000000
__Ltext32                           text32       000000
__Ltext34                           text34       000000
__Ltext4                            text4        000000
__Ltext5                            text5        000000
__Ltext6                            text6        000000
__Ltext7                            text7        000000
__Ltext8                            text8        000000
__Ltext9                            text9        000000
__S0                                (abs)        008000
__S1                                (abs)        000080
__S4                                (abs)        000000
__S5                                (abs)        000000
___flmul                            text32       000012
___flmul@a                          cstackCOMRAM 000013
___flmul@aexp                       cstackCOMRAM 000020
___flmul@b                          cstackCOMRAM 00000F
___flmul@bexp                       cstackCOMRAM 000021
___flmul@grs                        cstackCOMRAM 00001C
___flmul@prod                       cstackCOMRAM 000022
___flmul@sign                       cstackCOMRAM 00001B
___flmul@temp                       cstackCOMRAM 000026
___fltol                            text31       000BC8
___fltol@exp1                       cstackCOMRAM 000031
___fltol@f1                         cstackCOMRAM 000028
___fltol@sign1                      cstackCOMRAM 000030
___heap_hi                          (abs)        000000
___heap_lo                          (abs)        000000
___inthi_sp                         stack        000000
___inthi_stack_hi                   stack        000000
___inthi_stack_lo                   stack        000000
___intlo_sp                         stack        000000
___intlo_stack_hi                   stack        000000
___intlo_stack_lo                   stack        000000
___lldiv                            text6        00117A
___lldiv@counter                    cstackCOMRAM 000019
___lldiv@dividend                   cstackCOMRAM 00000D
___lldiv@divisor                    cstackCOMRAM 000011
___lldiv@quotient                   cstackCOMRAM 000015
___lmul                             text5        0012FE
___lmul@multiplicand                cstackCOMRAM 000005
___lmul@multiplier                  cstackCOMRAM 000001
___lmul@product                     cstackCOMRAM 000009
___lwdiv                            text14       00121E
___lwdiv@counter                    cstackCOMRAM 000007
___lwdiv@dividend                   cstackCOMRAM 000001
___lwdiv@divisor                    cstackCOMRAM 000003
___lwdiv@quotient                   cstackCOMRAM 000005
___lwmod                            text13       001368
___lwmod@counter                    cstackCOMRAM 000005
___lwmod@dividend                   cstackCOMRAM 000001
___lwmod@divisor                    cstackCOMRAM 000003
___param_bank                       (abs)        000000
___rparam_used                      (abs)        000001
___sp                               stack        000000
___stack_hi                         stack        000000
___stack_lo                         stack        000000
___xxtofl                           text30       000438
___xxtofl@arg                       cstackCOMRAM 00000B
___xxtofl@exp                       cstackCOMRAM 00000A
___xxtofl@sign                      cstackCOMRAM 000009
___xxtofl@val                       cstackCOMRAM 000001
__accesstop                         (abs)        000060
__activetblptr                      (abs)        000002
__end_of_EUSART_Rx_InterruptHandler text34       001676
__end_of_GetDistance                text29       00102A
__end_of_I2C_Hold                   text27       0015C4
__end_of_I2C_Init                   text28       00166C
__end_of_I2C_Start                  text26       00165E
__end_of_I2C_Stop                   text25       001648
__end_of_I2C_Write                  text24       00161C
__end_of_SSD1306_ClearScreen        text20       0012FE
__end_of_SSD1306_GotoStart          text19       0014E4
__end_of_SSD1306_Init               text22       000DC8
__end_of_SSD1306_String             text17       000EB0
__end_of_SSD1306_WriteCommand       text23       001600
__end_of_SendByte                   text16       001632
__end_of_SendString                 text15       001578
__end_of_TEXT5x8                    mediumconst  007FF7
__end_of_USART_Init                 text21       0015E2
__end_of_UpdateScreen               text7        00154E
__end_of__ISR                       intcode_body 00141E
__end_of___flmul                    text32       000438
__end_of___fltol                    text31       000CCE
__end_of___lldiv                    text6        00121E
__end_of___lmul                     text5        001368
__end_of___lwdiv                    text14       001292
__end_of___lwmod                    text13       0013CC
__end_of___xxtofl                   text30       0005EC
__end_of__initialization            cinit        001590
__end_of_fputc                      text11       0010D4
__end_of_main                       text0        000A8C
__end_of_memcpy                     text18       001468
__end_of_playConfusedTone           text3        000F7A
__end_of_playHappyTone              text2        00117A
__end_of_playNotes                  text1        000BC8
__end_of_putch                      text12       001678
__end_of_sprintf                    text8        00151C
__end_of_tone                       text4        000790
__end_of_vfpfcnvrt                  text10       000916
__end_of_vfprintf                   text9        0014AA
__initialization                    cinit        001578
__mediumconst                       mediumconst  007E16
__pbssBANK0                         bssBANK0     000060
__pbssCOMRAM                        bssCOMRAM    000041
__pcinit                            cinit        001578
__pcstackCOMRAM                     cstackCOMRAM 000001
__pintcode                          intcode      000008
__pintcode_body                     intcode_body 0013CC
__pmediumconst                      mediumconst  007E16
__ptext0                            text0        000916
__ptext1                            text1        000A8C
__ptext10                           text10       000790
__ptext11                           text11       00102A
__ptext12                           text12       001676
__ptext13                           text13       001368
__ptext14                           text14       00121E
__ptext15                           text15       00154E
__ptext16                           text16       00161C
__ptext17                           text17       000DC8
__ptext18                           text18       00141E
__ptext19                           text19       0014AA
__ptext2                            text2        0010D4
__ptext20                           text20       001292
__ptext21                           text21       0015C4
__ptext22                           text22       000CCE
__ptext23                           text23       0015E2
__ptext24                           text24       001600
__ptext25                           text25       001632
__ptext26                           text26       001648
__ptext27                           text27       00159E
__ptext28                           text28       00165E
__ptext29                           text29       000F7A
__ptext3                            text3        000EB0
__ptext30                           text30       000438
__ptext31                           text31       000BC8
__ptext32                           text32       000012
__ptext34                           text34       00166C
__ptext4                            text4        0005EC
__ptext5                            text5        0012FE
__ptext6                            text6        00117A
__ptext7                            text7        00151C
__ptext8                            text8        0014E4
__ptext9                            text9        001468
__ramtop                            ramtop       000600
__smallconst                        mediumconst  007E16
_dbuf                               bssBANK0     000060
_flags                              bssCOMRAM    000049
_fputc                              text11       00102A
_main                               text0        000916
_memcpy                             text18       00141E
_playConfusedTone                   text3        000EB0
_playHappyTone                      text2        0010D4
_playNotes                          text1        000A8C
_prec                               bssCOMRAM    000047
_putch                              text12       001676
_rxData                             bssCOMRAM    00004B
_rxFlag                             bssCOMRAM    00004A
_sprintf                            text8        0014E4
_tone                               text4        0005EC
_tone_toggle_count                  bssCOMRAM    000041
_vfpfcnvrt                          text10       000790
_vfprintf                           text9        001468
_width                              bssCOMRAM    000045
btemp                               temp         00004C
end_of_initialization               cinit        001590
fputc@c                             cstackCOMRAM 000001
fputc@fp                            cstackCOMRAM 000003
int$flags                           temp         00004C
int_func                            intcode_body 0013CC
intlevel0                           text         000000
intlevel1                           text         000000
intlevel2                           text         000000
intlevel3                           text         000000
isa$std                             (abs)        000001
isa$xinst                           (abs)        000000
main@cmd                            cstackCOMRAM 000040
main@dist                           cstackCOMRAM 00003C
main@oldCmd                         cstackCOMRAM 00003E
main@updateScn                      cstackCOMRAM 00003F
memcpy@d                            cstackCOMRAM 000009
memcpy@d1                           cstackCOMRAM 000001
memcpy@n                            cstackCOMRAM 000004
memcpy@s                            cstackCOMRAM 000006
memcpy@s1                           cstackCOMRAM 000002
memcpy@tmp                          cstackCOMRAM 000008
sprintf@ap                          cstackCOMRAM 000020
sprintf@f                           cstackCOMRAM 000021
sprintf@fmt                         cstackCOMRAM 00001C
sprintf@s                           cstackCOMRAM 00001B
stackhi                             (abs)        000000
stacklo                             (abs)        000000
start                               init         00000E
start_initialization                cinit        001578
tone@duration_ms                    cstackCOMRAM 00001C
tone@frequency                      cstackCOMRAM 00001A
tone@period_us                      cstackCOMRAM 000022
tone@pr                             cstackCOMRAM 000026
tone@prescaler_bits                 cstackCOMRAM 000028
tone@toggle_time_us                 cstackCOMRAM 000029
ttemp5                              temp         00004D
ttemp6                              temp         000050
ttemp7                              temp         000054
vfpfcnvrt@ap                        cstackCOMRAM 00000B
vfpfcnvrt@c                         cstackCOMRAM 000014
vfpfcnvrt@convarg                   cstackCOMRAM 000010
vfpfcnvrt@cp                        cstackCOMRAM 00000E
vfpfcnvrt@fmt                       cstackCOMRAM 00000A
vfpfcnvrt@fp                        cstackCOMRAM 000009
vfprintf@ap                         cstackCOMRAM 000018
vfprintf@cfmt                       cstackCOMRAM 000019
vfprintf@fmt                        cstackCOMRAM 000016
vfprintf@fp                         cstackCOMRAM 000015
wtemp8                              temp         00004D


MODULE INFORMATION

Module		Function		Class		Link	Load	Size
C:\Program Files\Microchip\xc8\v3.00\pic\sources\c99\common\nf_fputc.c
		_fputc         		CODE           	102A	0000	170

C:\Program Files\Microchip\xc8\v3.00\pic\sources\c99\common\nf_fputc.c estimated size: 170

C:\Program Files\Microchip\xc8\v3.00\pic\sources\c99\common\memcpy.c
		_memcpy        		CODE           	141E	0000	74

C:\Program Files\Microchip\xc8\v3.00\pic\sources\c99\common\memcpy.c estimated size: 74

C:\Program Files\Microchip\xc8\v3.00\pic\sources\c99\common\nf_sprintf.c
		_sprintf       		CODE           	14E4	0000	56

C:\Program Files\Microchip\xc8\v3.00\pic\sources\c99\common\nf_sprintf.c estimated size: 56

C:\Program Files\Microchip\xc8\v3.00\pic\sources\c99\common\lwmod.c
		___lwmod       		CODE           	1368	0000	100

C:\Program Files\Microchip\xc8\v3.00\pic\sources\c99\common\lwmod.c estimated size: 100

C:\Program Files\Microchip\xc8\v3.00\pic\sources\c99\common\putch.c
		_putch         		CODE           	1676	0000	2

C:\Program Files\Microchip\xc8\v3.00\pic\sources\c99\common\putch.c estimated size: 2

C:\Program Files\Microchip\xc8\v3.00\pic\sources\c99\common\sprcmul.c
		___flmul       		CODE           	0012	0000	1062

C:\Program Files\Microchip\xc8\v3.00\pic\sources\c99\common\sprcmul.c estimated size: 1062

C:\Program Files\Microchip\xc8\v3.00\pic\sources\c99\common\Umul32.c
		___lmul        		CODE           	12FE	0000	106

C:\Program Files\Microchip\xc8\v3.00\pic\sources\c99\common\Umul32.c estimated size: 106

C:\Program Files\Microchip\xc8\v3.00\pic\sources\c99\common\__lldiv.c
		___lldiv       		CODE           	117A	0000	164

C:\Program Files\Microchip\xc8\v3.00\pic\sources\c99\common\__lldiv.c estimated size: 164

shared
		_TEXT5x8       		MEDIUMCONST    	7E17	0000	480
		__initialization		CODE           	1578	0000	24

shared estimated size: 504

C:\Program Files\Microchip\xc8\v3.00\pic\sources\c99\common\xxtofl.c
		___xxtofl      		CODE           	0438	0000	436

C:\Program Files\Microchip\xc8\v3.00\pic\sources\c99\common\xxtofl.c estimated size: 436

./SSD1306.h
		_SSD1306_WriteCommand		CODE           	15E2	0000	30
		_SSD1306_Init  		CODE           	0CCE	0000	250
		_SSD1306_ClearScreen		CODE           	1292	0000	108
		_SSD1306_String		CODE           	0DC8	0000	232
		_SSD1306_GotoStart		CODE           	14AA	0000	58

./SSD1306.h estimated size: 678

./I2C.h
		_I2C_Write     		CODE           	1600	0000	28
		_I2C_Stop      		CODE           	1632	0000	22
		_I2C_Init      		CODE           	165E	0000	14
		_I2C_Hold      		CODE           	159E	0000	38
		_I2C_Start     		CODE           	1648	0000	22

./I2C.h estimated size: 124

C:\Program Files\Microchip\xc8\v3.00\pic\sources\c99\common\lwdiv.c
		___lwdiv       		CODE           	121E	0000	116

C:\Program Files\Microchip\xc8\v3.00\pic\sources\c99\common\lwdiv.c estimated size: 116

./EUSART.h
		_SendString    		CODE           	154E	0000	42
		_SendByte      		CODE           	161C	0000	22
		_EUSART_Rx_InterruptHandler		CODE           	166C	0000	10
		_USART_Init    		CODE           	15C4	0000	30

./EUSART.h estimated size: 104

C:\Program Files\Microchip\xc8\v3.00\pic\sources\c99\common\fltol.c
		___fltol       		CODE           	0BC8	0000	262

C:\Program Files\Microchip\xc8\v3.00\pic\sources\c99\common\fltol.c estimated size: 262

main.c
		_playHappyTone 		CODE           	10D4	0000	166
		_tone          		CODE           	05EC	0000	420
		__ISR          		CODE           	0008	0000	88
		_GetDistance   		CODE           	0F7A	0000	176
		_main          		CODE           	0916	0000	374
		_playNotes     		CODE           	0A8C	0000	316
		_playConfusedTone		CODE           	0EB0	0000	202
		_UpdateScreen  		CODE           	151C	0000	50

main.c estimated size: 1792

C:\Program Files\Microchip\xc8\v3.00\pic\sources\c99\common\doprnt.c
		_vfpfcnvrt     		CODE           	0790	0000	390
		_vfprintf      		CODE           	1468	0000	66

C:\Program Files\Microchip\xc8\v3.00\pic\sources\c99\common\doprnt.c estimated size: 456

